Input 0 for setup, 1 for read
{   'items': [],
    'project': {   'child_order': 0,
                   'collapsed': 0,
                   'color': 48,
                   'id': 1779825190,
                   'inbox_project': True,
                   'is_archived': 0,
                   'is_deleted': 0,
                   'is_favorite': 0,
                   'legacy_id': 169212454,
                   'name': 'Inbox',
                   'parent_id': None,
                   'shared': False,
                   'sync_id': None},
    'project_notes': [],
    'sections': []}
{   'items': [   {   'added_by_uid': 7675061,
                     'assigned_by_uid': None,
                     'checked': 0,
                     'child_order': 1,
                     'collapsed': 0,
                     'content': 'Evelyn Chan - recOLegrNxhHQzGvK',
                     'date_added': '2021-02-09T08:21:28Z',
                     'date_completed': None,
                     'due': None,
                     'id': 4565199533,
                     'in_history': 0,
                     'is_deleted': 0,
                     'labels': [],
                     'note_count': 0,
                     'parent_id': None,
                     'priority': 1,
                     'project_id': 2257918574,
                     'responsible_uid': None,
                     'section_id': None,
                     'sync_id': 4565199533,
                     'user_id': 7675061},
                 {   'added_by_uid': 7675061,
                     'assigned_by_uid': None,
                     'checked': 0,
                     'child_order': 2,
                     'collapsed': 0,
                     'content': 'Vinduli Samarasekara - rec4raeBHFltN4Mo6',
                     'date_added': '2021-02-09T08:21:28Z',
                     'date_completed': None,
                     'due': None,
                     'id': 4565199542,
                     'in_history': 0,
                     'is_deleted': 0,
                     'labels': [],
                     'note_count': 0,
                     'parent_id': None,
                     'priority': 1,
                     'project_id': 2257918574,
                     'responsible_uid': None,
                     'section_id': None,
                     'sync_id': 4565199542,
                     'user_id': 7675061},
                 {   'added_by_uid': 7675061,
                     'assigned_by_uid': None,
                     'checked': 0,
                     'child_order': 3,
                     'collapsed': 0,
                     'content': 'Philip Seo  - recdKKQ9p7xQbWyzH',
                     'date_added': '2021-02-09T08:21:28Z',
                     'date_completed': None,
                     'due': None,
                     'id': 4565199546,
                     'in_history': 0,
                     'is_deleted': 0,
                     'labels': [],
                     'note_count': 0,
                     'parent_id': None,
                     'priority': 1,
                     'project_id': 2257918574,
                     'responsible_uid': None,
                     'section_id': None,
                     'sync_id': 4565199546,
                     'user_id': 7675061},
                 {   'added_by_uid': 7675061,
                     'assigned_by_uid': None,
                     'checked': 0,
                     'child_order': 4,
                     'collapsed': 0,
                     'content': 'Jeremy Yuan - recMtfboQ6kH0Aubr',
                     'date_added': '2021-02-09T08:21:29Z',
                     'date_completed': None,
                     'due': None,
                     'id': 4565199548,
                     'in_history': 0,
                     'is_deleted': 0,
                     'labels': [],
                     'note_count': 0,
                     'parent_id': None,
                     'priority': 1,
                     'project_id': 2257918574,
                     'responsible_uid': None,
                     'section_id': None,
                     'sync_id': 4565199548,
                     'user_id': 7675061},
                 {   'added_by_uid': 7675061,
                     'assigned_by_uid': None,
                     'checked': 0,
                     'child_order': 5,
                     'collapsed': 0,
                     'content': 'Joanne Yeom - recHFQyu7xSQR11J4',
                     'date_added': '2021-02-09T08:21:29Z',
                     'date_completed': None,
                     'due': None,
                     'id': 4565199549,
                     'in_history': 0,
                     'is_deleted': 0,
                     'labels': [],
                     'note_count': 0,
                     'parent_id': None,
                     'priority': 1,
                     'project_id': 2257918574,
                     'responsible_uid': None,
                     'section_id': None,
                     'sync_id': 4565199549,
                     'user_id': 7675061},
                 {   'added_by_uid': 7675061,
                     'assigned_by_uid': None,
                     'checked': 0,
                     'child_order': 6,
                     'collapsed': 0,
                     'content': 'Layelle Etri - reckdW01c8gODeAUJ',
                     'date_added': '2021-02-09T08:21:29Z',
                     'date_completed': None,
                     'due': None,
                     'id': 4565199552,
                     'in_history': 0,
                     'is_deleted': 0,
                     'labels': [],
                     'note_count': 0,
                     'parent_id': None,
                     'priority': 1,
                     'project_id': 2257918574,
                     'responsible_uid': None,
                     'section_id': None,
                     'sync_id': 4565199552,
                     'user_id': 7675061},
                 {   'added_by_uid': 7675061,
                     'assigned_by_uid': None,
                     'checked': 0,
                     'child_order': 7,
                     'collapsed': 0,
                     'content': 'Shulin Zheng - recxPU7Onmfpb6xBZ',
                     'date_added': '2021-02-09T08:21:29Z',
                     'date_completed': None,
                     'due': None,
                     'id': 4565199555,
                     'in_history': 0,
                     'is_deleted': 0,
                     'labels': [],
                     'note_count': 0,
                     'parent_id': None,
                     'priority': 1,
                     'project_id': 2257918574,
                     'responsible_uid': None,
                     'section_id': None,
                     'sync_id': 4565199555,
                     'user_id': 7675061},
                 {   'added_by_uid': 7675061,
                     'assigned_by_uid': None,
                     'checked': 0,
                     'child_order': 8,
                     'collapsed': 0,
                     'content': 'Sophia Wang - recmcuIDEp1YYkBer',
                     'date_added': '2021-02-09T08:21:29Z',
                     'date_completed': None,
                     'due': None,
                     'id': 4565199557,
                     'in_history': 0,
                     'is_deleted': 0,
                     'labels': [],
                     'note_count': 0,
                     'parent_id': None,
                     'priority': 1,
                     'project_id': 2257918574,
                     'responsible_uid': None,
                     'section_id': None,
                     'sync_id': 4565199557,
                     'user_id': 7675061},
                 {   'added_by_uid': 7675061,
                     'assigned_by_uid': None,
                     'checked': 0,
                     'child_order': 9,
                     'collapsed': 0,
                     'content': 'Samin Haque - recXy2R72Qz6TqTwZ',
                     'date_added': '2021-02-09T08:21:29Z',
                     'date_completed': None,
                     'due': None,
                     'id': 4565199561,
                     'in_history': 0,
                     'is_deleted': 0,
                     'labels': [],
                     'note_count': 0,
                     'parent_id': None,
                     'priority': 1,
                     'project_id': 2257918574,
                     'responsible_uid': None,
                     'section_id': None,
                     'sync_id': 4565199561,
                     'user_id': 7675061},
                 {   'added_by_uid': 7675061,
                     'assigned_by_uid': None,
                     'checked': 0,
                     'child_order': 10,
                     'collapsed': 0,
                     'content': 'Matthew  Li - rec4sR3LfDJnQdgbK',
                     'date_added': '2021-02-09T08:21:29Z',
                     'date_completed': None,
                     'due': None,
                     'id': 4565199566,
                     'in_history': 0,
                     'is_deleted': 0,
                     'labels': [],
                     'note_count': 0,
                     'parent_id': None,
                     'priority': 1,
                     'project_id': 2257918574,
                     'responsible_uid': None,
                     'section_id': None,
                     'sync_id': 4565199566,
                     'user_id': 7675061},
                 {   'added_by_uid': 7675061,
                     'assigned_by_uid': None,
                     'checked': 0,
                     'child_order': 11,
                     'collapsed': 0,
                     'content': 'Eric Jiang - recDC5WvPA3KHfpSI',
                     'date_added': '2021-02-09T08:21:29Z',
                     'date_completed': None,
                     'due': None,
                     'id': 4565199572,
                     'in_history': 0,
                     'is_deleted': 0,
                     'labels': [],
                     'note_count': 0,
                     'parent_id': None,
                     'priority': 1,
                     'project_id': 2257918574,
                     'responsible_uid': None,
                     'section_id': None,
                     'sync_id': 4565199572,
                     'user_id': 7675061},
                 {   'added_by_uid': 7675061,
                     'assigned_by_uid': None,
                     'checked': 0,
                     'child_order': 12,
                     'collapsed': 0,
                     'content': 'Charlie Pan - recWvwkaTRi162uhC',
                     'date_added': '2021-02-09T08:21:30Z',
                     'date_completed': None,
                     'due': None,
                     'id': 4565199578,
                     'in_history': 0,
                     'is_deleted': 0,
                     'labels': [],
                     'note_count': 0,
                     'parent_id': None,
                     'priority': 1,
                     'project_id': 2257918574,
                     'responsible_uid': None,
                     'section_id': None,
                     'sync_id': 4565199578,
                     'user_id': 7675061},
                 {   'added_by_uid': 7675061,
                     'assigned_by_uid': None,
                     'checked': 0,
                     'child_order': 13,
                     'collapsed': 0,
                     'content': 'Kabir Saini - recniNoz5ArO2yxnT',
                     'date_added': '2021-02-09T08:21:30Z',
                     'date_completed': None,
                     'due': None,
                     'id': 4565199584,
                     'in_history': 0,
                     'is_deleted': 0,
                     'labels': [],
                     'note_count': 0,
                     'parent_id': None,
                     'priority': 1,
                     'project_id': 2257918574,
                     'responsible_uid': None,
                     'section_id': None,
                     'sync_id': 4565199584,
                     'user_id': 7675061}],
    'project': {   'child_order': 34,
                   'collapsed': 0,
                   'color': 47,
                   'id': 2257918574,
                   'is_archived': 0,
                   'is_deleted': 0,
                   'is_favorite': 0,
                   'name': '3 Winny Li C2.3',
                   'parent_id': None,
                   'shared': True,
                   'sync_id': 8355910},
    'project_notes': [],
    'sections': []}
{   'items': [   {   'added_by_uid': 7675061,
                     'assigned_by_uid': None,
                     'checked': 0,
                     'child_order': 1,
                     'collapsed': 0,
                     'content': 'Daisy Xu - recjw1BOMNJLX7ZW3',
                     'date_added': '2021-02-09T08:21:33Z',
                     'date_completed': None,
                     'due': None,
                     'id': 4565199686,
                     'in_history': 0,
                     'is_deleted': 0,
                     'labels': [],
                     'note_count': 0,
                     'parent_id': None,
                     'priority': 1,
                     'project_id': 2257918577,
                     'responsible_uid': None,
                     'section_id': None,
                     'sync_id': 4565199686,
                     'user_id': 7675061},
                 {   'added_by_uid': 7675061,
                     'assigned_by_uid': None,
                     'checked': 0,
                     'child_order': 2,
                     'collapsed': 0,
                     'content': 'Corina Shen - recCk7DSmcWc2zhZx',
                     'date_added': '2021-02-09T08:21:33Z',
                     'date_completed': None,
                     'due': None,
                     'id': 4565199691,
                     'in_history': 0,
                     'is_deleted': 0,
                     'labels': [],
                     'note_count': 0,
                     'parent_id': None,
                     'priority': 1,
                     'project_id': 2257918577,
                     'responsible_uid': None,
                     'section_id': None,
                     'sync_id': 4565199691,
                     'user_id': 7675061},
                 {   'added_by_uid': 7675061,
                     'assigned_by_uid': None,
                     'checked': 0,
                     'child_order': 3,
                     'collapsed': 0,
                     'content': 'Raymond Liu - recYTyayLKinxD9zB',
                     'date_added': '2021-02-09T08:21:34Z',
                     'date_completed': None,
                     'due': None,
                     'id': 4565199695,
                     'in_history': 0,
                     'is_deleted': 0,
                     'labels': [],
                     'note_count': 0,
                     'parent_id': None,
                     'priority': 1,
                     'project_id': 2257918577,
                     'responsible_uid': None,
                     'section_id': None,
                     'sync_id': 4565199695,
                     'user_id': 7675061},
                 {   'added_by_uid': 7675061,
                     'assigned_by_uid': None,
                     'checked': 0,
                     'child_order': 4,
                     'collapsed': 0,
                     'content': 'Bill Yang - rec2O2zi2gRywP3wE',
                     'date_added': '2021-02-09T08:21:34Z',
                     'date_completed': None,
                     'due': None,
                     'id': 4565199700,
                     'in_history': 0,
                     'is_deleted': 0,
                     'labels': [],
                     'note_count': 0,
                     'parent_id': None,
                     'priority': 1,
                     'project_id': 2257918577,
                     'responsible_uid': None,
                     'section_id': None,
                     'sync_id': 4565199700,
                     'user_id': 7675061},
                 {   'added_by_uid': 7675061,
                     'assigned_by_uid': None,
                     'checked': 0,
                     'child_order': 5,
                     'collapsed': 0,
                     'content': 'Victor Fu - recAEYEqTUhT9tGNB',
                     'date_added': '2021-02-09T08:21:34Z',
                     'date_completed': None,
                     'due': None,
                     'id': 4565199703,
                     'in_history': 0,
                     'is_deleted': 0,
                     'labels': [],
                     'note_count': 0,
                     'parent_id': None,
                     'priority': 1,
                     'project_id': 2257918577,
                     'responsible_uid': None,
                     'section_id': None,
                     'sync_id': 4565199703,
                     'user_id': 7675061},
                 {   'added_by_uid': 7675061,
                     'assigned_by_uid': None,
                     'checked': 0,
                     'child_order': 6,
                     'collapsed': 0,
                     'content': 'Dylan Zhang - recBmMW8vGNr0z1yE',
                     'date_added': '2021-02-09T08:21:34Z',
                     'date_completed': None,
                     'due': None,
                     'id': 4565199707,
                     'in_history': 0,
                     'is_deleted': 0,
                     'labels': [],
                     'note_count': 0,
                     'parent_id': None,
                     'priority': 1,
                     'project_id': 2257918577,
                     'responsible_uid': None,
                     'section_id': None,
                     'sync_id': 4565199707,
                     'user_id': 7675061},
                 {   'added_by_uid': 7675061,
                     'assigned_by_uid': None,
                     'checked': 0,
                     'child_order': 7,
                     'collapsed': 0,
                     'content': 'Joanna Huang - recSSVZ2hlfuHmlyG',
                     'date_added': '2021-02-09T08:21:34Z',
                     'date_completed': None,
                     'due': None,
                     'id': 4565199711,
                     'in_history': 0,
                     'is_deleted': 0,
                     'labels': [],
                     'note_count': 0,
                     'parent_id': None,
                     'priority': 1,
                     'project_id': 2257918577,
                     'responsible_uid': None,
                     'section_id': None,
                     'sync_id': 4565199711,
                     'user_id': 7675061},
                 {   'added_by_uid': 7675061,
                     'assigned_by_uid': None,
                     'checked': 0,
                     'child_order': 8,
                     'collapsed': 0,
                     'content': 'Chris  Zhao - rec5cjQBNH0AoZcdt',
                     'date_added': '2021-02-09T08:21:34Z',
                     'date_completed': None,
                     'due': None,
                     'id': 4565199715,
                     'in_history': 0,
                     'is_deleted': 0,
                     'labels': [],
                     'note_count': 0,
                     'parent_id': None,
                     'priority': 1,
                     'project_id': 2257918577,
                     'responsible_uid': None,
                     'section_id': None,
                     'sync_id': 4565199715,
                     'user_id': 7675061},
                 {   'added_by_uid': 7675061,
                     'assigned_by_uid': None,
                     'checked': 0,
                     'child_order': 9,
                     'collapsed': 0,
                     'content': 'Leo Ji - recFHgdKiAaBvMfuq',
                     'date_added': '2021-02-09T08:21:34Z',
                     'date_completed': None,
                     'due': None,
                     'id': 4565199718,
                     'in_history': 0,
                     'is_deleted': 0,
                     'labels': [],
                     'note_count': 0,
                     'parent_id': None,
                     'priority': 1,
                     'project_id': 2257918577,
                     'responsible_uid': None,
                     'section_id': None,
                     'sync_id': 4565199718,
                     'user_id': 7675061},
                 {   'added_by_uid': 7675061,
                     'assigned_by_uid': None,
                     'checked': 0,
                     'child_order': 10,
                     'collapsed': 0,
                     'content': 'Sheryl Chan - recATfxiubRaj2Dve',
                     'date_added': '2021-02-09T08:21:35Z',
                     'date_completed': None,
                     'due': None,
                     'id': 4565199728,
                     'in_history': 0,
                     'is_deleted': 0,
                     'labels': [],
                     'note_count': 0,
                     'parent_id': None,
                     'priority': 1,
                     'project_id': 2257918577,
                     'responsible_uid': None,
                     'section_id': None,
                     'sync_id': 4565199728,
                     'user_id': 7675061},
                 {   'added_by_uid': 7675061,
                     'assigned_by_uid': None,
                     'checked': 0,
                     'child_order': 11,
                     'collapsed': 0,
                     'content': 'Deveash Devadas - rec9D5JZGCFgVIPru',
                     'date_added': '2021-02-09T08:21:35Z',
                     'date_completed': None,
                     'due': None,
                     'id': 4565199731,
                     'in_history': 0,
                     'is_deleted': 0,
                     'labels': [],
                     'note_count': 0,
                     'parent_id': None,
                     'priority': 1,
                     'project_id': 2257918577,
                     'responsible_uid': None,
                     'section_id': None,
                     'sync_id': 4565199731,
                     'user_id': 7675061},
                 {   'added_by_uid': 7675061,
                     'assigned_by_uid': None,
                     'checked': 0,
                     'child_order': 12,
                     'collapsed': 0,
                     'content': 'Yuechuan (Aileen) Cao - recSx7kRj37u9ITWF',
                     'date_added': '2021-02-09T08:21:35Z',
                     'date_completed': None,
                     'due': None,
                     'id': 4565199735,
                     'in_history': 0,
                     'is_deleted': 0,
                     'labels': [],
                     'note_count': 0,
                     'parent_id': None,
                     'priority': 1,
                     'project_id': 2257918577,
                     'responsible_uid': None,
                     'section_id': None,
                     'sync_id': 4565199735,
                     'user_id': 7675061},
                 {   'added_by_uid': 7675061,
                     'assigned_by_uid': None,
                     'checked': 0,
                     'child_order': 13,
                     'collapsed': 0,
                     'content': 'Daniel Wei - recCa6v0sbvptLHuY',
                     'date_added': '2021-02-09T08:21:35Z',
                     'date_completed': None,
                     'due': None,
                     'id': 4565199745,
                     'in_history': 0,
                     'is_deleted': 0,
                     'labels': [],
                     'note_count': 0,
                     'parent_id': None,
                     'priority': 1,
                     'project_id': 2257918577,
                     'responsible_uid': None,
                     'section_id': None,
                     'sync_id': 4565199745,
                     'user_id': 7675061},
                 {   'added_by_uid': 7675061,
                     'assigned_by_uid': None,
                     'checked': 0,
                     'child_order': 14,
                     'collapsed': 0,
                     'content': 'Bryan Deng - rec0SYFCFh86NlXVr',
                     'date_added': '2021-02-09T08:21:35Z',
                     'date_completed': None,
                     'due': None,
                     'id': 4565199750,
                     'in_history': 0,
                     'is_deleted': 0,
                     'labels': [],
                     'note_count': 0,
                     'parent_id': None,
                     'priority': 1,
                     'project_id': 2257918577,
                     'responsible_uid': None,
                     'section_id': None,
                     'sync_id': 4565199750,
                     'user_id': 7675061},
                 {   'added_by_uid': 7675061,
                     'assigned_by_uid': None,
                     'checked': 0,
                     'child_order': 15,
                     'collapsed': 0,
                     'content': 'Henry WANG - rectU6uUMNUOYV8TA',
                     'date_added': '2021-02-09T08:21:35Z',
                     'date_completed': None,
                     'due': None,
                     'id': 4565199755,
                     'in_history': 0,
                     'is_deleted': 0,
                     'labels': [],
                     'note_count': 0,
                     'parent_id': None,
                     'priority': 1,
                     'project_id': 2257918577,
                     'responsible_uid': None,
                     'section_id': None,
                     'sync_id': 4565199755,
                     'user_id': 7675061},
                 {   'added_by_uid': 7675061,
                     'assigned_by_uid': None,
                     'checked': 0,
                     'child_order': 16,
                     'collapsed': 0,
                     'content': 'Leslie Ren - recw9vbUT2DvOjjhl',
                     'date_added': '2021-02-09T08:21:36Z',
                     'date_completed': None,
                     'due': None,
                     'id': 4565199760,
                     'in_history': 0,
                     'is_deleted': 0,
                     'labels': [],
                     'note_count': 0,
                     'parent_id': None,
                     'priority': 1,
                     'project_id': 2257918577,
                     'responsible_uid': None,
                     'section_id': None,
                     'sync_id': 4565199760,
                     'user_id': 7675061},
                 {   'added_by_uid': 7675061,
                     'assigned_by_uid': None,
                     'checked': 0,
                     'child_order': 17,
                     'collapsed': 0,
                     'content': 'Howe Yeo - recZUoj0MmgG93JxU',
                     'date_added': '2021-02-09T08:21:36Z',
                     'date_completed': None,
                     'due': None,
                     'id': 4565199767,
                     'in_history': 0,
                     'is_deleted': 0,
                     'labels': [],
                     'note_count': 0,
                     'parent_id': None,
                     'priority': 1,
                     'project_id': 2257918577,
                     'responsible_uid': None,
                     'section_id': None,
                     'sync_id': 4565199767,
                     'user_id': 7675061},
                 {   'added_by_uid': 7675061,
                     'assigned_by_uid': None,
                     'checked': 0,
                     'child_order': 18,
                     'collapsed': 0,
                     'content': 'Mithran Arudselvan - recxOEG5rIT3OZZv5',
                     'date_added': '2021-02-09T08:21:36Z',
                     'date_completed': None,
                     'due': None,
                     'id': 4565199774,
                     'in_history': 0,
                     'is_deleted': 0,
                     'labels': [],
                     'note_count': 0,
                     'parent_id': None,
                     'priority': 1,
                     'project_id': 2257918577,
                     'responsible_uid': None,
                     'section_id': None,
                     'sync_id': 4565199774,
                     'user_id': 7675061},
                 {   'added_by_uid': 7675061,
                     'assigned_by_uid': None,
                     'checked': 0,
                     'child_order': 19,
                     'collapsed': 0,
                     'content': 'Rebecca Liang - recTrGiN5uOqslRS7',
                     'date_added': '2021-02-09T08:21:36Z',
                     'date_completed': None,
                     'due': None,
                     'id': 4565199780,
                     'in_history': 0,
                     'is_deleted': 0,
                     'labels': [],
                     'note_count': 0,
                     'parent_id': None,
                     'priority': 1,
                     'project_id': 2257918577,
                     'responsible_uid': None,
                     'section_id': None,
                     'sync_id': 4565199780,
                     'user_id': 7675061},
                 {   'added_by_uid': 7675061,
                     'assigned_by_uid': None,
                     'checked': 0,
                     'child_order': 20,
                     'collapsed': 0,
                     'content': 'Kate Yan - rec5PvoKP4FIzTrfP',
                     'date_added': '2021-02-09T08:21:36Z',
                     'date_completed': None,
                     'due': None,
                     'id': 4565199784,
                     'in_history': 0,
                     'is_deleted': 0,
                     'labels': [],
                     'note_count': 0,
                     'parent_id': None,
                     'priority': 1,
                     'project_id': 2257918577,
                     'responsible_uid': None,
                     'section_id': None,
                     'sync_id': 4565199784,
                     'user_id': 7675061},
                 {   'added_by_uid': 7675061,
                     'assigned_by_uid': None,
                     'checked': 0,
                     'child_order': 21,
                     'collapsed': 0,
                     'content': 'angus liang - recd3FY901d4N9HO5',
                     'date_added': '2021-02-09T08:21:36Z',
                     'date_completed': None,
                     'due': None,
                     'id': 4565199788,
                     'in_history': 0,
                     'is_deleted': 0,
                     'labels': [],
                     'note_count': 0,
                     'parent_id': None,
                     'priority': 1,
                     'project_id': 2257918577,
                     'responsible_uid': None,
                     'section_id': None,
                     'sync_id': 4565199788,
                     'user_id': 7675061},
                 {   'added_by_uid': 7675061,
                     'assigned_by_uid': None,
                     'checked': 0,
                     'child_order': 22,
                     'collapsed': 0,
                     'content': 'Tasmia Chowdhury - recgUCgQnzghgmq6u',
                     'date_added': '2021-02-09T08:21:36Z',
                     'date_completed': None,
                     'due': None,
                     'id': 4565199794,
                     'in_history': 0,
                     'is_deleted': 0,
                     'labels': [],
                     'note_count': 0,
                     'parent_id': None,
                     'priority': 1,
                     'project_id': 2257918577,
                     'responsible_uid': None,
                     'section_id': None,
                     'sync_id': 4565199794,
                     'user_id': 7675061},
                 {   'added_by_uid': 7675061,
                     'assigned_by_uid': None,
                     'checked': 0,
                     'child_order': 23,
                     'collapsed': 0,
                     'content': 'Elwin Song - reclBEf6gL47BtzcW',
                     'date_added': '2021-02-09T08:21:36Z',
                     'date_completed': None,
                     'due': None,
                     'id': 4565199798,
                     'in_history': 0,
                     'is_deleted': 0,
                     'labels': [],
                     'note_count': 0,
                     'parent_id': None,
                     'priority': 1,
                     'project_id': 2257918577,
                     'responsible_uid': None,
                     'section_id': None,
                     'sync_id': 4565199798,
                     'user_id': 7675061},
                 {   'added_by_uid': 7675061,
                     'assigned_by_uid': None,
                     'checked': 0,
                     'child_order': 24,
                     'collapsed': 0,
                     'content': 'Ivo Rebase  - recbeRBAyMV3vrSEi',
                     'date_added': '2021-02-09T08:21:37Z',
                     'date_completed': None,
                     'due': None,
                     'id': 4565199807,
                     'in_history': 0,
                     'is_deleted': 0,
                     'labels': [],
                     'note_count': 0,
                     'parent_id': None,
                     'priority': 1,
                     'project_id': 2257918577,
                     'responsible_uid': None,
                     'section_id': None,
                     'sync_id': 4565199807,
                     'user_id': 7675061}],
    'project': {   'child_order': 35,
                   'collapsed': 0,
                   'color': 47,
                   'id': 2257918577,
                   'is_archived': 0,
                   'is_deleted': 0,
                   'is_favorite': 0,
                   'name': '3 Swetha Kumar C2.1',
                   'parent_id': None,
                   'shared': True,
                   'sync_id': 8355911},
    'project_notes': [],
    'sections': []}
{   'items': [   {   'added_by_uid': 7675061,
                     'assigned_by_uid': None,
                     'checked': 0,
                     'child_order': 1,
                     'collapsed': 0,
                     'content': 'Alexander Lai - recDfi0eW0BmtYI0E',
                     'date_added': '2021-02-09T08:21:40Z',
                     'date_completed': None,
                     'due': None,
                     'id': 4565199926,
                     'in_history': 0,
                     'is_deleted': 0,
                     'labels': [],
                     'note_count': 0,
                     'parent_id': None,
                     'priority': 1,
                     'project_id': 2257918591,
                     'responsible_uid': None,
                     'section_id': None,
                     'sync_id': 4565199926,
                     'user_id': 7675061},
                 {   'added_by_uid': 7675061,
                     'assigned_by_uid': None,
                     'checked': 0,
                     'child_order': 2,
                     'collapsed': 0,
                     'content': 'Robinson (Linyue) Lu - recChpMLZjXnRE5cQ',
                     'date_added': '2021-02-09T08:21:40Z',
                     'date_completed': None,
                     'due': None,
                     'id': 4565199932,
                     'in_history': 0,
                     'is_deleted': 0,
                     'labels': [],
                     'note_count': 0,
                     'parent_id': None,
                     'priority': 1,
                     'project_id': 2257918591,
                     'responsible_uid': None,
                     'section_id': None,
                     'sync_id': 4565199932,
                     'user_id': 7675061},
                 {   'added_by_uid': 7675061,
                     'assigned_by_uid': None,
                     'checked': 0,
                     'child_order': 3,
                     'collapsed': 0,
                     'content': 'Harim Na - rec89Ep4DutSSfE78',
                     'date_added': '2021-02-09T08:21:40Z',
                     'date_completed': None,
                     'due': None,
                     'id': 4565199936,
                     'in_history': 0,
                     'is_deleted': 0,
                     'labels': [],
                     'note_count': 0,
                     'parent_id': None,
                     'priority': 1,
                     'project_id': 2257918591,
                     'responsible_uid': None,
                     'section_id': None,
                     'sync_id': 4565199936,
                     'user_id': 7675061},
                 {   'added_by_uid': 7675061,
                     'assigned_by_uid': None,
                     'checked': 0,
                     'child_order': 4,
                     'collapsed': 0,
                     'content': 'Helena Han - rec74PL1Cu4XcnwJw',
                     'date_added': '2021-02-09T08:21:41Z',
                     'date_completed': None,
                     'due': None,
                     'id': 4565199941,
                     'in_history': 0,
                     'is_deleted': 0,
                     'labels': [],
                     'note_count': 0,
                     'parent_id': None,
                     'priority': 1,
                     'project_id': 2257918591,
                     'responsible_uid': None,
                     'section_id': None,
                     'sync_id': 4565199941,
                     'user_id': 7675061},
                 {   'added_by_uid': 7675061,
                     'assigned_by_uid': None,
                     'checked': 0,
                     'child_order': 5,
                     'collapsed': 0,
                     'content': 'Kaining (Kevin) Xu - rec09r7P3o4SFi9C7',
                     'date_added': '2021-02-09T08:21:41Z',
                     'date_completed': None,
                     'due': None,
                     'id': 4565199945,
                     'in_history': 0,
                     'is_deleted': 0,
                     'labels': [],
                     'note_count': 0,
                     'parent_id': None,
                     'priority': 1,
                     'project_id': 2257918591,
                     'responsible_uid': None,
                     'section_id': None,
                     'sync_id': 4565199945,
                     'user_id': 7675061},
                 {   'added_by_uid': 7675061,
                     'assigned_by_uid': None,
                     'checked': 0,
                     'child_order': 6,
                     'collapsed': 0,
                     'content': 'Aurelien Xu - recx2rIlwGQhlhCAW',
                     'date_added': '2021-02-09T08:21:41Z',
                     'date_completed': None,
                     'due': None,
                     'id': 4565199950,
                     'in_history': 0,
                     'is_deleted': 0,
                     'labels': [],
                     'note_count': 0,
                     'parent_id': None,
                     'priority': 1,
                     'project_id': 2257918591,
                     'responsible_uid': None,
                     'section_id': None,
                     'sync_id': 4565199950,
                     'user_id': 7675061},
                 {   'added_by_uid': 7675061,
                     'assigned_by_uid': None,
                     'checked': 0,
                     'child_order': 7,
                     'collapsed': 0,
                     'content': 'Calleigh Chow - recCAjxEdPseX1KE3',
                     'date_added': '2021-02-09T08:21:41Z',
                     'date_completed': None,
                     'due': None,
                     'id': 4565199956,
                     'in_history': 0,
                     'is_deleted': 0,
                     'labels': [],
                     'note_count': 0,
                     'parent_id': None,
                     'priority': 1,
                     'project_id': 2257918591,
                     'responsible_uid': None,
                     'section_id': None,
                     'sync_id': 4565199956,
                     'user_id': 7675061},
                 {   'added_by_uid': 7675061,
                     'assigned_by_uid': None,
                     'checked': 0,
                     'child_order': 8,
                     'collapsed': 0,
                     'content': 'Ryan chung - recYSQ70oCthDI3cb',
                     'date_added': '2021-02-09T08:21:41Z',
                     'date_completed': None,
                     'due': None,
                     'id': 4565199961,
                     'in_history': 0,
                     'is_deleted': 0,
                     'labels': [],
                     'note_count': 0,
                     'parent_id': None,
                     'priority': 1,
                     'project_id': 2257918591,
                     'responsible_uid': None,
                     'section_id': None,
                     'sync_id': 4565199961,
                     'user_id': 7675061},
                 {   'added_by_uid': 7675061,
                     'assigned_by_uid': None,
                     'checked': 0,
                     'child_order': 9,
                     'collapsed': 0,
                     'content': 'Rikesh Gnanakumaran  - recLrSnA4Y9f5mIAw',
                     'date_added': '2021-02-09T08:21:41Z',
                     'date_completed': None,
                     'due': None,
                     'id': 4565199965,
                     'in_history': 0,
                     'is_deleted': 0,
                     'labels': [],
                     'note_count': 0,
                     'parent_id': None,
                     'priority': 1,
                     'project_id': 2257918591,
                     'responsible_uid': None,
                     'section_id': None,
                     'sync_id': 4565199965,
                     'user_id': 7675061},
                 {   'added_by_uid': 7675061,
                     'assigned_by_uid': None,
                     'checked': 0,
                     'child_order': 10,
                     'collapsed': 0,
                     'content': 'Alex Lu - recxHF0ZY3kw4IyAb',
                     'date_added': '2021-02-09T08:21:41Z',
                     'date_completed': None,
                     'due': None,
                     'id': 4565199966,
                     'in_history': 0,
                     'is_deleted': 0,
                     'labels': [],
                     'note_count': 0,
                     'parent_id': None,
                     'priority': 1,
                     'project_id': 2257918591,
                     'responsible_uid': None,
                     'section_id': None,
                     'sync_id': 4565199966,
                     'user_id': 7675061},
                 {   'added_by_uid': 7675061,
                     'assigned_by_uid': None,
                     'checked': 0,
                     'child_order': 11,
                     'collapsed': 0,
                     'content': 'Selina Ma - reczFFd8chTKCJa6r',
                     'date_added': '2021-02-09T08:21:41Z',
                     'date_completed': None,
                     'due': None,
                     'id': 4565199969,
                     'in_history': 0,
                     'is_deleted': 0,
                     'labels': [],
                     'note_count': 0,
                     'parent_id': None,
                     'priority': 1,
                     'project_id': 2257918591,
                     'responsible_uid': None,
                     'section_id': None,
                     'sync_id': 4565199969,
                     'user_id': 7675061},
                 {   'added_by_uid': 7675061,
                     'assigned_by_uid': None,
                     'checked': 0,
                     'child_order': 12,
                     'collapsed': 0,
                     'content': 'Marshall Zhang - recusEWoHqoEFwvSV',
                     'date_added': '2021-02-09T08:21:42Z',
                     'date_completed': None,
                     'due': None,
                     'id': 4565199974,
                     'in_history': 0,
                     'is_deleted': 0,
                     'labels': [],
                     'note_count': 0,
                     'parent_id': None,
                     'priority': 1,
                     'project_id': 2257918591,
                     'responsible_uid': None,
                     'section_id': None,
                     'sync_id': 4565199974,
                     'user_id': 7675061},
                 {   'added_by_uid': 7675061,
                     'assigned_by_uid': None,
                     'checked': 0,
                     'child_order': 13,
                     'collapsed': 0,
                     'content': 'Mya Wu - recb7FLpAnNI3gFBv',
                     'date_added': '2021-02-09T08:21:42Z',
                     'date_completed': None,
                     'due': None,
                     'id': 4565199978,
                     'in_history': 0,
                     'is_deleted': 0,
                     'labels': [],
                     'note_count': 0,
                     'parent_id': None,
                     'priority': 1,
                     'project_id': 2257918591,
                     'responsible_uid': None,
                     'section_id': None,
                     'sync_id': 4565199978,
                     'user_id': 7675061},
                 {   'added_by_uid': 7675061,
                     'assigned_by_uid': None,
                     'checked': 0,
                     'child_order': 14,
                     'collapsed': 0,
                     'content': 'William He - recAR0DAcmZEHQf2u',
                     'date_added': '2021-02-09T08:21:42Z',
                     'date_completed': None,
                     'due': None,
                     'id': 4565199982,
                     'in_history': 0,
                     'is_deleted': 0,
                     'labels': [],
                     'note_count': 0,
                     'parent_id': None,
                     'priority': 1,
                     'project_id': 2257918591,
                     'responsible_uid': None,
                     'section_id': None,
                     'sync_id': 4565199982,
                     'user_id': 7675061},
                 {   'added_by_uid': 7675061,
                     'assigned_by_uid': None,
                     'checked': 0,
                     'child_order': 15,
                     'collapsed': 0,
                     'content': 'Tara Li - reca2F5ZgwlA2vOyy',
                     'date_added': '2021-02-09T08:21:42Z',
                     'date_completed': None,
                     'due': None,
                     'id': 4565199987,
                     'in_history': 0,
                     'is_deleted': 0,
                     'labels': [],
                     'note_count': 0,
                     'parent_id': None,
                     'priority': 1,
                     'project_id': 2257918591,
                     'responsible_uid': None,
                     'section_id': None,
                     'sync_id': 4565199987,
                     'user_id': 7675061}],
    'project': {   'child_order': 36,
                   'collapsed': 0,
                   'color': 47,
                   'id': 2257918591,
                   'is_archived': 0,
                   'is_deleted': 0,
                   'is_favorite': 0,
                   'name': '3 Marcus Nguyen W1.5',
                   'parent_id': None,
                   'shared': True,
                   'sync_id': 8355913},
    'project_notes': [],
    'sections': []}
{   'items': [   {   'added_by_uid': 7675061,
                     'assigned_by_uid': None,
                     'checked': 0,
                     'child_order': 1,
                     'collapsed': 0,
                     'content': 'Darshanik Aryal - recN1RQ37nSSNeQS8',
                     'date_added': '2021-02-09T08:21:45Z',
                     'date_completed': None,
                     'due': None,
                     'id': 4565200097,
                     'in_history': 0,
                     'is_deleted': 0,
                     'labels': [],
                     'note_count': 0,
                     'parent_id': None,
                     'priority': 1,
                     'project_id': 2257918595,
                     'responsible_uid': None,
                     'section_id': None,
                     'sync_id': 4565200097,
                     'user_id': 7675061},
                 {   'added_by_uid': 7675061,
                     'assigned_by_uid': None,
                     'checked': 0,
                     'child_order': 2,
                     'collapsed': 0,
                     'content': 'jennifer liu - recaQVnZ4DPTsO5kn',
                     'date_added': '2021-02-09T08:21:46Z',
                     'date_completed': None,
                     'due': None,
                     'id': 4565200107,
                     'in_history': 0,
                     'is_deleted': 0,
                     'labels': [],
                     'note_count': 0,
                     'parent_id': None,
                     'priority': 1,
                     'project_id': 2257918595,
                     'responsible_uid': None,
                     'section_id': None,
                     'sync_id': 4565200107,
                     'user_id': 7675061},
                 {   'added_by_uid': 7675061,
                     'assigned_by_uid': None,
                     'checked': 0,
                     'child_order': 3,
                     'collapsed': 0,
                     'content': 'Emily An - recpjqC5iY8j3nbiu',
                     'date_added': '2021-02-09T08:21:46Z',
                     'date_completed': None,
                     'due': None,
                     'id': 4565200115,
                     'in_history': 0,
                     'is_deleted': 0,
                     'labels': [],
                     'note_count': 0,
                     'parent_id': None,
                     'priority': 1,
                     'project_id': 2257918595,
                     'responsible_uid': None,
                     'section_id': None,
                     'sync_id': 4565200115,
                     'user_id': 7675061},
                 {   'added_by_uid': 7675061,
                     'assigned_by_uid': None,
                     'checked': 0,
                     'child_order': 4,
                     'collapsed': 0,
                     'content': 'Iqra Razzak - recDOllzd1VxUX2CW',
                     'date_added': '2021-02-09T08:21:46Z',
                     'date_completed': None,
                     'due': None,
                     'id': 4565200121,
                     'in_history': 0,
                     'is_deleted': 0,
                     'labels': [],
                     'note_count': 0,
                     'parent_id': None,
                     'priority': 1,
                     'project_id': 2257918595,
                     'responsible_uid': None,
                     'section_id': None,
                     'sync_id': 4565200121,
                     'user_id': 7675061},
                 {   'added_by_uid': 7675061,
                     'assigned_by_uid': None,
                     'checked': 0,
                     'child_order': 5,
                     'collapsed': 0,
                     'content': 'Harshan Someshwar - rec8jHJAxOumzmS2Z',
                     'date_added': '2021-02-09T08:21:46Z',
                     'date_completed': None,
                     'due': None,
                     'id': 4565200128,
                     'in_history': 0,
                     'is_deleted': 0,
                     'labels': [],
                     'note_count': 0,
                     'parent_id': None,
                     'priority': 1,
                     'project_id': 2257918595,
                     'responsible_uid': None,
                     'section_id': None,
                     'sync_id': 4565200128,
                     'user_id': 7675061},
                 {   'added_by_uid': 7675061,
                     'assigned_by_uid': None,
                     'checked': 0,
                     'child_order': 6,
                     'collapsed': 0,
                     'content': 'suhani panchal - rec7a8xXrCY6OuKub',
                     'date_added': '2021-02-09T08:21:46Z',
                     'date_completed': None,
                     'due': None,
                     'id': 4565200134,
                     'in_history': 0,
                     'is_deleted': 0,
                     'labels': [],
                     'note_count': 0,
                     'parent_id': None,
                     'priority': 1,
                     'project_id': 2257918595,
                     'responsible_uid': None,
                     'section_id': None,
                     'sync_id': 4565200134,
                     'user_id': 7675061}],
    'project': {   'child_order': 37,
                   'collapsed': 0,
                   'color': 47,
                   'id': 2257918595,
                   'is_archived': 0,
                   'is_deleted': 0,
                   'is_favorite': 0,
                   'name': '3 Jeremiah Edagbami Library Room 1',
                   'parent_id': None,
                   'shared': True,
                   'sync_id': 8355915},
    'project_notes': [],
    'sections': []}
{   'items': [   {   'added_by_uid': 7675061,
                     'assigned_by_uid': None,
                     'checked': 0,
                     'child_order': 1,
                     'collapsed': 0,
                     'content': 'Austin Goserie - recAd6OW8zkrMhccg',
                     'date_added': '2021-02-09T08:21:50Z',
                     'date_completed': None,
                     'due': None,
                     'id': 4565200230,
                     'in_history': 0,
                     'is_deleted': 0,
                     'labels': [],
                     'note_count': 0,
                     'parent_id': None,
                     'priority': 1,
                     'project_id': 2257918599,
                     'responsible_uid': None,
                     'section_id': None,
                     'sync_id': 4565200230,
                     'user_id': 7675061},
                 {   'added_by_uid': 7675061,
                     'assigned_by_uid': None,
                     'checked': 0,
                     'child_order': 2,
                     'collapsed': 0,
                     'content': 'Owen Tang - recE5GUezkRMl2fKQ',
                     'date_added': '2021-02-09T08:21:50Z',
                     'date_completed': None,
                     'due': None,
                     'id': 4565200238,
                     'in_history': 0,
                     'is_deleted': 0,
                     'labels': [],
                     'note_count': 0,
                     'parent_id': None,
                     'priority': 1,
                     'project_id': 2257918599,
                     'responsible_uid': None,
                     'section_id': None,
                     'sync_id': 4565200238,
                     'user_id': 7675061},
                 {   'added_by_uid': 7675061,
                     'assigned_by_uid': None,
                     'checked': 0,
                     'child_order': 3,
                     'collapsed': 0,
                     'content': 'Michael Wang - recmR6q4Gya7JCA7a',
                     'date_added': '2021-02-09T08:21:50Z',
                     'date_completed': None,
                     'due': None,
                     'id': 4565200242,
                     'in_history': 0,
                     'is_deleted': 0,
                     'labels': [],
                     'note_count': 0,
                     'parent_id': None,
                     'priority': 1,
                     'project_id': 2257918599,
                     'responsible_uid': None,
                     'section_id': None,
                     'sync_id': 4565200242,
                     'user_id': 7675061},
                 {   'added_by_uid': 7675061,
                     'assigned_by_uid': None,
                     'checked': 0,
                     'child_order': 4,
                     'collapsed': 0,
                     'content': 'Angela  Fu - rec61mDXNjt37PpQv',
                     'date_added': '2021-02-09T08:21:51Z',
                     'date_completed': None,
                     'due': None,
                     'id': 4565200251,
                     'in_history': 0,
                     'is_deleted': 0,
                     'labels': [],
                     'note_count': 0,
                     'parent_id': None,
                     'priority': 1,
                     'project_id': 2257918599,
                     'responsible_uid': None,
                     'section_id': None,
                     'sync_id': 4565200251,
                     'user_id': 7675061},
                 {   'added_by_uid': 7675061,
                     'assigned_by_uid': None,
                     'checked': 0,
                     'child_order': 5,
                     'collapsed': 0,
                     'content': 'Alice Quan - rec2MRRNTwnJWWwkv',
                     'date_added': '2021-02-09T08:21:51Z',
                     'date_completed': None,
                     'due': None,
                     'id': 4565200255,
                     'in_history': 0,
                     'is_deleted': 0,
                     'labels': [],
                     'note_count': 0,
                     'parent_id': None,
                     'priority': 1,
                     'project_id': 2257918599,
                     'responsible_uid': None,
                     'section_id': None,
                     'sync_id': 4565200255,
                     'user_id': 7675061},
                 {   'added_by_uid': 7675061,
                     'assigned_by_uid': None,
                     'checked': 0,
                     'child_order': 6,
                     'collapsed': 0,
                     'content': 'Angela Wang - recToEBzxD3c1d6LM',
                     'date_added': '2021-02-09T08:21:51Z',
                     'date_completed': None,
                     'due': None,
                     'id': 4565200261,
                     'in_history': 0,
                     'is_deleted': 0,
                     'labels': [],
                     'note_count': 0,
                     'parent_id': None,
                     'priority': 1,
                     'project_id': 2257918599,
                     'responsible_uid': None,
                     'section_id': None,
                     'sync_id': 4565200261,
                     'user_id': 7675061},
                 {   'added_by_uid': 7675061,
                     'assigned_by_uid': None,
                     'checked': 0,
                     'child_order': 7,
                     'collapsed': 0,
                     'content': 'Ivy Gao - rec1LoiSrkfHEsiyv',
                     'date_added': '2021-02-09T08:21:51Z',
                     'date_completed': None,
                     'due': None,
                     'id': 4565200266,
                     'in_history': 0,
                     'is_deleted': 0,
                     'labels': [],
                     'note_count': 0,
                     'parent_id': None,
                     'priority': 1,
                     'project_id': 2257918599,
                     'responsible_uid': None,
                     'section_id': None,
                     'sync_id': 4565200266,
                     'user_id': 7675061},
                 {   'added_by_uid': 7675061,
                     'assigned_by_uid': None,
                     'checked': 0,
                     'child_order': 8,
                     'collapsed': 0,
                     'content': 'Kevin Song - recEFa2HT9eku7Pyh',
                     'date_added': '2021-02-09T08:21:51Z',
                     'date_completed': None,
                     'due': None,
                     'id': 4565200273,
                     'in_history': 0,
                     'is_deleted': 0,
                     'labels': [],
                     'note_count': 0,
                     'parent_id': None,
                     'priority': 1,
                     'project_id': 2257918599,
                     'responsible_uid': None,
                     'section_id': None,
                     'sync_id': 4565200273,
                     'user_id': 7675061},
                 {   'added_by_uid': 7675061,
                     'assigned_by_uid': None,
                     'checked': 0,
                     'child_order': 9,
                     'collapsed': 0,
                     'content': 'grace hill - recaJrMrRoBt4KL96',
                     'date_added': '2021-02-09T08:21:51Z',
                     'date_completed': None,
                     'due': None,
                     'id': 4565200279,
                     'in_history': 0,
                     'is_deleted': 0,
                     'labels': [],
                     'note_count': 0,
                     'parent_id': None,
                     'priority': 1,
                     'project_id': 2257918599,
                     'responsible_uid': None,
                     'section_id': None,
                     'sync_id': 4565200279,
                     'user_id': 7675061},
                 {   'added_by_uid': 7675061,
                     'assigned_by_uid': None,
                     'checked': 0,
                     'child_order': 10,
                     'collapsed': 0,
                     'content': 'Thomas Li - rec88iHTgQ2MqDxfx',
                     'date_added': '2021-02-09T08:21:51Z',
                     'date_completed': None,
                     'due': None,
                     'id': 4565200281,
                     'in_history': 0,
                     'is_deleted': 0,
                     'labels': [],
                     'note_count': 0,
                     'parent_id': None,
                     'priority': 1,
                     'project_id': 2257918599,
                     'responsible_uid': None,
                     'section_id': None,
                     'sync_id': 4565200281,
                     'user_id': 7675061},
                 {   'added_by_uid': 7675061,
                     'assigned_by_uid': None,
                     'checked': 0,
                     'child_order': 11,
                     'collapsed': 0,
                     'content': 'Brandon Park - recDvrEDIqaYTRATN',
                     'date_added': '2021-02-09T08:21:51Z',
                     'date_completed': None,
                     'due': None,
                     'id': 4565200286,
                     'in_history': 0,
                     'is_deleted': 0,
                     'labels': [],
                     'note_count': 0,
                     'parent_id': None,
                     'priority': 1,
                     'project_id': 2257918599,
                     'responsible_uid': None,
                     'section_id': None,
                     'sync_id': 4565200286,
                     'user_id': 7675061},
                 {   'added_by_uid': 7675061,
                     'assigned_by_uid': None,
                     'checked': 0,
                     'child_order': 12,
                     'collapsed': 0,
                     'content': 'Andy Gao - recyevrk1BQwfLEm8',
                     'date_added': '2021-02-09T08:21:51Z',
                     'date_completed': None,
                     'due': None,
                     'id': 4565200291,
                     'in_history': 0,
                     'is_deleted': 0,
                     'labels': [],
                     'note_count': 0,
                     'parent_id': None,
                     'priority': 1,
                     'project_id': 2257918599,
                     'responsible_uid': None,
                     'section_id': None,
                     'sync_id': 4565200291,
                     'user_id': 7675061},
                 {   'added_by_uid': 7675061,
                     'assigned_by_uid': None,
                     'checked': 0,
                     'child_order': 13,
                     'collapsed': 0,
                     'content': 'Victor Lu - recn0oK34lgocpUnX',
                     'date_added': '2021-02-09T08:21:52Z',
                     'date_completed': None,
                     'due': None,
                     'id': 4565200296,
                     'in_history': 0,
                     'is_deleted': 0,
                     'labels': [],
                     'note_count': 0,
                     'parent_id': None,
                     'priority': 1,
                     'project_id': 2257918599,
                     'responsible_uid': None,
                     'section_id': None,
                     'sync_id': 4565200296,
                     'user_id': 7675061},
                 {   'added_by_uid': 7675061,
                     'assigned_by_uid': None,
                     'checked': 0,
                     'child_order': 14,
                     'collapsed': 0,
                     'content': 'Sarah Qi - reccSXh0keRfdcpqo',
                     'date_added': '2021-02-09T08:21:52Z',
                     'date_completed': None,
                     'due': None,
                     'id': 4565200298,
                     'in_history': 0,
                     'is_deleted': 0,
                     'labels': [],
                     'note_count': 0,
                     'parent_id': None,
                     'priority': 1,
                     'project_id': 2257918599,
                     'responsible_uid': None,
                     'section_id': None,
                     'sync_id': 4565200298,
                     'user_id': 7675061},
                 {   'added_by_uid': 7675061,
                     'assigned_by_uid': None,
                     'checked': 0,
                     'child_order': 15,
                     'collapsed': 0,
                     'content': 'Rafael Chan - rec4nfqf5VyKM7TCt',
                     'date_added': '2021-02-09T08:21:52Z',
                     'date_completed': None,
                     'due': None,
                     'id': 4565200302,
                     'in_history': 0,
                     'is_deleted': 0,
                     'labels': [],
                     'note_count': 0,
                     'parent_id': None,
                     'priority': 1,
                     'project_id': 2257918599,
                     'responsible_uid': None,
                     'section_id': None,
                     'sync_id': 4565200302,
                     'user_id': 7675061},
                 {   'added_by_uid': 7675061,
                     'assigned_by_uid': None,
                     'checked': 0,
                     'child_order': 16,
                     'collapsed': 0,
                     'content': 'Pumindu Dias - rechldNTF7ww2HKXv',
                     'date_added': '2021-02-09T08:21:52Z',
                     'date_completed': None,
                     'due': None,
                     'id': 4565200306,
                     'in_history': 0,
                     'is_deleted': 0,
                     'labels': [],
                     'note_count': 0,
                     'parent_id': None,
                     'priority': 1,
                     'project_id': 2257918599,
                     'responsible_uid': None,
                     'section_id': None,
                     'sync_id': 4565200306,
                     'user_id': 7675061},
                 {   'added_by_uid': 7675061,
                     'assigned_by_uid': None,
                     'checked': 0,
                     'child_order': 17,
                     'collapsed': 0,
                     'content': 'Ishan Dhar - recGaiUgodahiYc48',
                     'date_added': '2021-02-09T08:21:52Z',
                     'date_completed': None,
                     'due': None,
                     'id': 4565200311,
                     'in_history': 0,
                     'is_deleted': 0,
                     'labels': [],
                     'note_count': 0,
                     'parent_id': None,
                     'priority': 1,
                     'project_id': 2257918599,
                     'responsible_uid': None,
                     'section_id': None,
                     'sync_id': 4565200311,
                     'user_id': 7675061}],
    'project': {   'child_order': 38,
                   'collapsed': 0,
                   'color': 47,
                   'id': 2257918599,
                   'is_archived': 0,
                   'is_deleted': 0,
                   'is_favorite': 0,
                   'name': '3 Esaias Feng L1.3',
                   'parent_id': None,
                   'shared': True,
                   'sync_id': 8355916},
    'project_notes': [],
    'sections': []}
{   'items': [   {   'added_by_uid': 7675061,
                     'assigned_by_uid': None,
                     'checked': 0,
                     'child_order': 1,
                     'collapsed': 0,
                     'content': 'Echo Xu - rec8hSDF8ijUlJe5t',
                     'date_added': '2021-02-09T08:21:56Z',
                     'date_completed': None,
                     'due': None,
                     'id': 4565200429,
                     'in_history': 0,
                     'is_deleted': 0,
                     'labels': [],
                     'note_count': 0,
                     'parent_id': None,
                     'priority': 1,
                     'project_id': 2257918607,
                     'responsible_uid': None,
                     'section_id': None,
                     'sync_id': 4565200429,
                     'user_id': 7675061},
                 {   'added_by_uid': 7675061,
                     'assigned_by_uid': None,
                     'checked': 0,
                     'child_order': 2,
                     'collapsed': 0,
                     'content': 'Jiahn Lee - recDfS6YXj1m0DyDB',
                     'date_added': '2021-02-09T08:21:56Z',
                     'date_completed': None,
                     'due': None,
                     'id': 4565200434,
                     'in_history': 0,
                     'is_deleted': 0,
                     'labels': [],
                     'note_count': 0,
                     'parent_id': None,
                     'priority': 1,
                     'project_id': 2257918607,
                     'responsible_uid': None,
                     'section_id': None,
                     'sync_id': 4565200434,
                     'user_id': 7675061},
                 {   'added_by_uid': 7675061,
                     'assigned_by_uid': None,
                     'checked': 0,
                     'child_order': 3,
                     'collapsed': 0,
                     'content': 'Harsha Sheoran - recDjEiZe1j4BqDxr',
                     'date_added': '2021-02-09T08:21:56Z',
                     'date_completed': None,
                     'due': None,
                     'id': 4565200441,
                     'in_history': 0,
                     'is_deleted': 0,
                     'labels': [],
                     'note_count': 0,
                     'parent_id': None,
                     'priority': 1,
                     'project_id': 2257918607,
                     'responsible_uid': None,
                     'section_id': None,
                     'sync_id': 4565200441,
                     'user_id': 7675061},
                 {   'added_by_uid': 7675061,
                     'assigned_by_uid': None,
                     'checked': 0,
                     'child_order': 4,
                     'collapsed': 0,
                     'content': 'Olivia Lee - recssoR6kqy9Zy8uB',
                     'date_added': '2021-02-09T08:21:56Z',
                     'date_completed': None,
                     'due': None,
                     'id': 4565200447,
                     'in_history': 0,
                     'is_deleted': 0,
                     'labels': [],
                     'note_count': 0,
                     'parent_id': None,
                     'priority': 1,
                     'project_id': 2257918607,
                     'responsible_uid': None,
                     'section_id': None,
                     'sync_id': 4565200447,
                     'user_id': 7675061},
                 {   'added_by_uid': 7675061,
                     'assigned_by_uid': None,
                     'checked': 0,
                     'child_order': 5,
                     'collapsed': 0,
                     'content': 'Monica Hahm - recfC8aOxklqasPsN',
                     'date_added': '2021-02-09T08:21:56Z',
                     'date_completed': None,
                     'due': None,
                     'id': 4565200450,
                     'in_history': 0,
                     'is_deleted': 0,
                     'labels': [],
                     'note_count': 0,
                     'parent_id': None,
                     'priority': 1,
                     'project_id': 2257918607,
                     'responsible_uid': None,
                     'section_id': None,
                     'sync_id': 4565200450,
                     'user_id': 7675061},
                 {   'added_by_uid': 7675061,
                     'assigned_by_uid': None,
                     'checked': 0,
                     'child_order': 6,
                     'collapsed': 0,
                     'content': 'Jacinta Kong - recMoH4hTVKPP24B9',
                     'date_added': '2021-02-09T08:21:56Z',
                     'date_completed': None,
                     'due': None,
                     'id': 4565200459,
                     'in_history': 0,
                     'is_deleted': 0,
                     'labels': [],
                     'note_count': 0,
                     'parent_id': None,
                     'priority': 1,
                     'project_id': 2257918607,
                     'responsible_uid': None,
                     'section_id': None,
                     'sync_id': 4565200459,
                     'user_id': 7675061},
                 {   'added_by_uid': 7675061,
                     'assigned_by_uid': None,
                     'checked': 0,
                     'child_order': 7,
                     'collapsed': 0,
                     'content': 'Adrita Saha - recjlGIRDWusrG8ro',
                     'date_added': '2021-02-09T08:21:56Z',
                     'date_completed': None,
                     'due': None,
                     'id': 4565200463,
                     'in_history': 0,
                     'is_deleted': 0,
                     'labels': [],
                     'note_count': 0,
                     'parent_id': None,
                     'priority': 1,
                     'project_id': 2257918607,
                     'responsible_uid': None,
                     'section_id': None,
                     'sync_id': 4565200463,
                     'user_id': 7675061},
                 {   'added_by_uid': 7675061,
                     'assigned_by_uid': None,
                     'checked': 0,
                     'child_order': 8,
                     'collapsed': 0,
                     'content': 'Aarshia Singh - rec6r1QLf2ct7wdg0',
                     'date_added': '2021-02-09T08:21:56Z',
                     'date_completed': None,
                     'due': None,
                     'id': 4565200465,
                     'in_history': 0,
                     'is_deleted': 0,
                     'labels': [],
                     'note_count': 0,
                     'parent_id': None,
                     'priority': 1,
                     'project_id': 2257918607,
                     'responsible_uid': None,
                     'section_id': None,
                     'sync_id': 4565200465,
                     'user_id': 7675061},
                 {   'added_by_uid': 7675061,
                     'assigned_by_uid': None,
                     'checked': 0,
                     'child_order': 9,
                     'collapsed': 0,
                     'content': 'Leon Zhou - rechlvtqVsXdfxbfe',
                     'date_added': '2021-02-09T08:21:56Z',
                     'date_completed': None,
                     'due': None,
                     'id': 4565200468,
                     'in_history': 0,
                     'is_deleted': 0,
                     'labels': [],
                     'note_count': 0,
                     'parent_id': None,
                     'priority': 1,
                     'project_id': 2257918607,
                     'responsible_uid': None,
                     'section_id': None,
                     'sync_id': 4565200468,
                     'user_id': 7675061},
                 {   'added_by_uid': 7675061,
                     'assigned_by_uid': None,
                     'checked': 0,
                     'child_order': 10,
                     'collapsed': 0,
                     'content': 'Sophie Allworth - reccXTdwcwhstVSMm',
                     'date_added': '2021-02-09T08:21:57Z',
                     'date_completed': None,
                     'due': None,
                     'id': 4565200471,
                     'in_history': 0,
                     'is_deleted': 0,
                     'labels': [],
                     'note_count': 0,
                     'parent_id': None,
                     'priority': 1,
                     'project_id': 2257918607,
                     'responsible_uid': None,
                     'section_id': None,
                     'sync_id': 4565200471,
                     'user_id': 7675061},
                 {   'added_by_uid': 7675061,
                     'assigned_by_uid': None,
                     'checked': 0,
                     'child_order': 11,
                     'collapsed': 0,
                     'content': 'Cecilia He - recv794W9xfO01dZY',
                     'date_added': '2021-02-09T08:21:57Z',
                     'date_completed': None,
                     'due': None,
                     'id': 4565200474,
                     'in_history': 0,
                     'is_deleted': 0,
                     'labels': [],
                     'note_count': 0,
                     'parent_id': None,
                     'priority': 1,
                     'project_id': 2257918607,
                     'responsible_uid': None,
                     'section_id': None,
                     'sync_id': 4565200474,
                     'user_id': 7675061},
                 {   'added_by_uid': 7675061,
                     'assigned_by_uid': None,
                     'checked': 0,
                     'child_order': 12,
                     'collapsed': 0,
                     'content': 'Jupiter Yang - recOxQEsmqFrHtpGz',
                     'date_added': '2021-02-09T08:21:57Z',
                     'date_completed': None,
                     'due': None,
                     'id': 4565200477,
                     'in_history': 0,
                     'is_deleted': 0,
                     'labels': [],
                     'note_count': 0,
                     'parent_id': None,
                     'priority': 1,
                     'project_id': 2257918607,
                     'responsible_uid': None,
                     'section_id': None,
                     'sync_id': 4565200477,
                     'user_id': 7675061}],
    'project': {   'child_order': 39,
                   'collapsed': 0,
                   'color': 47,
                   'id': 2257918607,
                   'is_archived': 0,
                   'is_deleted': 0,
                   'is_favorite': 0,
                   'name': '3 Ryan Borges C1.2',
                   'parent_id': None,
                   'shared': True,
                   'sync_id': 8355917},
    'project_notes': [],
    'sections': []}
{   'items': [   {   'added_by_uid': 7675061,
                     'assigned_by_uid': None,
                     'checked': 0,
                     'child_order': 1,
                     'collapsed': 0,
                     'content': 'Jesse Wang - recGo4ee9NKYYzQla',
                     'date_added': '2021-02-09T08:22:01Z',
                     'date_completed': None,
                     'due': None,
                     'id': 4565200632,
                     'in_history': 0,
                     'is_deleted': 0,
                     'labels': [],
                     'note_count': 0,
                     'parent_id': None,
                     'priority': 1,
                     'project_id': 2257918613,
                     'responsible_uid': None,
                     'section_id': None,
                     'sync_id': 4565200632,
                     'user_id': 7675061},
                 {   'added_by_uid': 7675061,
                     'assigned_by_uid': None,
                     'checked': 0,
                     'child_order': 2,
                     'collapsed': 0,
                     'content': 'Jerry Sun - recZfISrzgHzkt7Sk',
                     'date_added': '2021-02-09T08:22:01Z',
                     'date_completed': None,
                     'due': None,
                     'id': 4565200637,
                     'in_history': 0,
                     'is_deleted': 0,
                     'labels': [],
                     'note_count': 0,
                     'parent_id': None,
                     'priority': 1,
                     'project_id': 2257918613,
                     'responsible_uid': None,
                     'section_id': None,
                     'sync_id': 4565200637,
                     'user_id': 7675061},
                 {   'added_by_uid': 7675061,
                     'assigned_by_uid': None,
                     'checked': 0,
                     'child_order': 3,
                     'collapsed': 0,
                     'content': 'Sean  Wang - rec9JfF0OXuObMety',
                     'date_added': '2021-02-09T08:22:01Z',
                     'date_completed': None,
                     'due': None,
                     'id': 4565200645,
                     'in_history': 0,
                     'is_deleted': 0,
                     'labels': [],
                     'note_count': 0,
                     'parent_id': None,
                     'priority': 1,
                     'project_id': 2257918613,
                     'responsible_uid': None,
                     'section_id': None,
                     'sync_id': 4565200645,
                     'user_id': 7675061},
                 {   'added_by_uid': 7675061,
                     'assigned_by_uid': None,
                     'checked': 0,
                     'child_order': 4,
                     'collapsed': 0,
                     'content': 'Riley Marcellino - recm9waO2GgNJ08KT',
                     'date_added': '2021-02-09T08:22:01Z',
                     'date_completed': None,
                     'due': None,
                     'id': 4565200649,
                     'in_history': 0,
                     'is_deleted': 0,
                     'labels': [],
                     'note_count': 0,
                     'parent_id': None,
                     'priority': 1,
                     'project_id': 2257918613,
                     'responsible_uid': None,
                     'section_id': None,
                     'sync_id': 4565200649,
                     'user_id': 7675061},
                 {   'added_by_uid': 7675061,
                     'assigned_by_uid': None,
                     'checked': 0,
                     'child_order': 5,
                     'collapsed': 0,
                     'content': 'Jihun Park - recSPtF5m80F9wymZ',
                     'date_added': '2021-02-09T08:22:02Z',
                     'date_completed': None,
                     'due': None,
                     'id': 4565200656,
                     'in_history': 0,
                     'is_deleted': 0,
                     'labels': [],
                     'note_count': 0,
                     'parent_id': None,
                     'priority': 1,
                     'project_id': 2257918613,
                     'responsible_uid': None,
                     'section_id': None,
                     'sync_id': 4565200656,
                     'user_id': 7675061},
                 {   'added_by_uid': 7675061,
                     'assigned_by_uid': None,
                     'checked': 0,
                     'child_order': 6,
                     'collapsed': 0,
                     'content': 'Tanay Kulshreshtha - recq52dCGq9DXy19e',
                     'date_added': '2021-02-09T08:22:02Z',
                     'date_completed': None,
                     'due': None,
                     'id': 4565200661,
                     'in_history': 0,
                     'is_deleted': 0,
                     'labels': [],
                     'note_count': 0,
                     'parent_id': None,
                     'priority': 1,
                     'project_id': 2257918613,
                     'responsible_uid': None,
                     'section_id': None,
                     'sync_id': 4565200661,
                     'user_id': 7675061},
                 {   'added_by_uid': 7675061,
                     'assigned_by_uid': None,
                     'checked': 0,
                     'child_order': 7,
                     'collapsed': 0,
                     'content': 'Esther  Seo - rec2l0ososT1A1ksD',
                     'date_added': '2021-02-09T08:22:02Z',
                     'date_completed': None,
                     'due': None,
                     'id': 4565200664,
                     'in_history': 0,
                     'is_deleted': 0,
                     'labels': [],
                     'note_count': 0,
                     'parent_id': None,
                     'priority': 1,
                     'project_id': 2257918613,
                     'responsible_uid': None,
                     'section_id': None,
                     'sync_id': 4565200664,
                     'user_id': 7675061},
                 {   'added_by_uid': 7675061,
                     'assigned_by_uid': None,
                     'checked': 0,
                     'child_order': 8,
                     'collapsed': 0,
                     'content': 'Nina Zhang - recWSiJFqzp7uFycS',
                     'date_added': '2021-02-09T08:22:02Z',
                     'date_completed': None,
                     'due': None,
                     'id': 4565200671,
                     'in_history': 0,
                     'is_deleted': 0,
                     'labels': [],
                     'note_count': 0,
                     'parent_id': None,
                     'priority': 1,
                     'project_id': 2257918613,
                     'responsible_uid': None,
                     'section_id': None,
                     'sync_id': 4565200671,
                     'user_id': 7675061},
                 {   'added_by_uid': 7675061,
                     'assigned_by_uid': None,
                     'checked': 0,
                     'child_order': 9,
                     'collapsed': 0,
                     'content': 'Jun Lu - recsxC3tqIiYvtzVf',
                     'date_added': '2021-02-09T08:22:02Z',
                     'date_completed': None,
                     'due': None,
                     'id': 4565200676,
                     'in_history': 0,
                     'is_deleted': 0,
                     'labels': [],
                     'note_count': 0,
                     'parent_id': None,
                     'priority': 1,
                     'project_id': 2257918613,
                     'responsible_uid': None,
                     'section_id': None,
                     'sync_id': 4565200676,
                     'user_id': 7675061},
                 {   'added_by_uid': 7675061,
                     'assigned_by_uid': None,
                     'checked': 0,
                     'child_order': 10,
                     'collapsed': 0,
                     'content': 'Ryan Jeong - recUUbKN7eHa80TgM',
                     'date_added': '2021-02-09T08:22:02Z',
                     'date_completed': None,
                     'due': None,
                     'id': 4565200682,
                     'in_history': 0,
                     'is_deleted': 0,
                     'labels': [],
                     'note_count': 0,
                     'parent_id': None,
                     'priority': 1,
                     'project_id': 2257918613,
                     'responsible_uid': None,
                     'section_id': None,
                     'sync_id': 4565200682,
                     'user_id': 7675061},
                 {   'added_by_uid': 7675061,
                     'assigned_by_uid': None,
                     'checked': 0,
                     'child_order': 11,
                     'collapsed': 0,
                     'content': 'Fateema Azom - rectsNhRLMpA9Bsxw',
                     'date_added': '2021-02-09T08:22:02Z',
                     'date_completed': None,
                     'due': None,
                     'id': 4565200692,
                     'in_history': 0,
                     'is_deleted': 0,
                     'labels': [],
                     'note_count': 0,
                     'parent_id': None,
                     'priority': 1,
                     'project_id': 2257918613,
                     'responsible_uid': None,
                     'section_id': None,
                     'sync_id': 4565200692,
                     'user_id': 7675061}],
    'project': {   'child_order': 40,
                   'collapsed': 0,
                   'color': 47,
                   'id': 2257918613,
                   'is_archived': 0,
                   'is_deleted': 0,
                   'is_favorite': 0,
                   'name': '3 Madhuvanthi  Senthil Kumar L1.5',
                   'parent_id': None,
                   'shared': True,
                   'sync_id': 8355918},
    'project_notes': [],
    'sections': []}
{   'items': [   {   'added_by_uid': 7675061,
                     'assigned_by_uid': None,
                     'checked': 0,
                     'child_order': 1,
                     'collapsed': 0,
                     'content': 'Annabel Chiu - recmKwdDkyY1CvY8b',
                     'date_added': '2021-02-09T08:22:06Z',
                     'date_completed': None,
                     'due': None,
                     'id': 4565200808,
                     'in_history': 0,
                     'is_deleted': 0,
                     'labels': [],
                     'note_count': 0,
                     'parent_id': None,
                     'priority': 1,
                     'project_id': 2257918621,
                     'responsible_uid': None,
                     'section_id': None,
                     'sync_id': 4565200808,
                     'user_id': 7675061},
                 {   'added_by_uid': 7675061,
                     'assigned_by_uid': None,
                     'checked': 0,
                     'child_order': 2,
                     'collapsed': 0,
                     'content': 'Steven Zhu - recbVgP2gsDWPR4mw',
                     'date_added': '2021-02-09T08:22:06Z',
                     'date_completed': None,
                     'due': None,
                     'id': 4565200813,
                     'in_history': 0,
                     'is_deleted': 0,
                     'labels': [],
                     'note_count': 0,
                     'parent_id': None,
                     'priority': 1,
                     'project_id': 2257918621,
                     'responsible_uid': None,
                     'section_id': None,
                     'sync_id': 4565200813,
                     'user_id': 7675061},
                 {   'added_by_uid': 7675061,
                     'assigned_by_uid': None,
                     'checked': 0,
                     'child_order': 3,
                     'collapsed': 0,
                     'content': 'Alexander Liu - reciXPpvyhnBqKmlG',
                     'date_added': '2021-02-09T08:22:07Z',
                     'date_completed': None,
                     'due': None,
                     'id': 4565200826,
                     'in_history': 0,
                     'is_deleted': 0,
                     'labels': [],
                     'note_count': 0,
                     'parent_id': None,
                     'priority': 1,
                     'project_id': 2257918621,
                     'responsible_uid': None,
                     'section_id': None,
                     'sync_id': 4565200826,
                     'user_id': 7675061},
                 {   'added_by_uid': 7675061,
                     'assigned_by_uid': None,
                     'checked': 0,
                     'child_order': 4,
                     'collapsed': 0,
                     'content': 'Jerry Li - recIvrVijanh60zgh',
                     'date_added': '2021-02-09T08:22:07Z',
                     'date_completed': None,
                     'due': None,
                     'id': 4565200834,
                     'in_history': 0,
                     'is_deleted': 0,
                     'labels': [],
                     'note_count': 0,
                     'parent_id': None,
                     'priority': 1,
                     'project_id': 2257918621,
                     'responsible_uid': None,
                     'section_id': None,
                     'sync_id': 4565200834,
                     'user_id': 7675061},
                 {   'added_by_uid': 7675061,
                     'assigned_by_uid': None,
                     'checked': 0,
                     'child_order': 5,
                     'collapsed': 0,
                     'content': 'Yiling Zhang - recHjbzCaYugorhwC',
                     'date_added': '2021-02-09T08:22:07Z',
                     'date_completed': None,
                     'due': None,
                     'id': 4565200839,
                     'in_history': 0,
                     'is_deleted': 0,
                     'labels': [],
                     'note_count': 0,
                     'parent_id': None,
                     'priority': 1,
                     'project_id': 2257918621,
                     'responsible_uid': None,
                     'section_id': None,
                     'sync_id': 4565200839,
                     'user_id': 7675061},
                 {   'added_by_uid': 7675061,
                     'assigned_by_uid': None,
                     'checked': 0,
                     'child_order': 6,
                     'collapsed': 0,
                     'content': 'Grace Yang - recfe4OBytzjVMwks',
                     'date_added': '2021-02-09T08:22:07Z',
                     'date_completed': None,
                     'due': None,
                     'id': 4565200844,
                     'in_history': 0,
                     'is_deleted': 0,
                     'labels': [],
                     'note_count': 0,
                     'parent_id': None,
                     'priority': 1,
                     'project_id': 2257918621,
                     'responsible_uid': None,
                     'section_id': None,
                     'sync_id': 4565200844,
                     'user_id': 7675061},
                 {   'added_by_uid': 7675061,
                     'assigned_by_uid': None,
                     'checked': 0,
                     'child_order': 7,
                     'collapsed': 0,
                     'content': 'Dharmik Pandya - recIfkbWJkGyhCizH',
                     'date_added': '2021-02-09T08:22:07Z',
                     'date_completed': None,
                     'due': None,
                     'id': 4565200851,
                     'in_history': 0,
                     'is_deleted': 0,
                     'labels': [],
                     'note_count': 0,
                     'parent_id': None,
                     'priority': 1,
                     'project_id': 2257918621,
                     'responsible_uid': None,
                     'section_id': None,
                     'sync_id': 4565200851,
                     'user_id': 7675061},
                 {   'added_by_uid': 7675061,
                     'assigned_by_uid': None,
                     'checked': 0,
                     'child_order': 8,
                     'collapsed': 0,
                     'content': 'Grace Liu - rec2D1zi9i0RdtYNz',
                     'date_added': '2021-02-09T08:22:07Z',
                     'date_completed': None,
                     'due': None,
                     'id': 4565200858,
                     'in_history': 0,
                     'is_deleted': 0,
                     'labels': [],
                     'note_count': 0,
                     'parent_id': None,
                     'priority': 1,
                     'project_id': 2257918621,
                     'responsible_uid': None,
                     'section_id': None,
                     'sync_id': 4565200858,
                     'user_id': 7675061},
                 {   'added_by_uid': 7675061,
                     'assigned_by_uid': None,
                     'checked': 0,
                     'child_order': 9,
                     'collapsed': 0,
                     'content': 'Jack Xu - recSgGtYDQ0tmggPf',
                     'date_added': '2021-02-09T08:22:07Z',
                     'date_completed': None,
                     'due': None,
                     'id': 4565200862,
                     'in_history': 0,
                     'is_deleted': 0,
                     'labels': [],
                     'note_count': 0,
                     'parent_id': None,
                     'priority': 1,
                     'project_id': 2257918621,
                     'responsible_uid': None,
                     'section_id': None,
                     'sync_id': 4565200862,
                     'user_id': 7675061},
                 {   'added_by_uid': 7675061,
                     'assigned_by_uid': None,
                     'checked': 0,
                     'child_order': 10,
                     'collapsed': 0,
                     'content': 'Larry Zhu - reckFBMLnUKhqzLS2',
                     'date_added': '2021-02-09T08:22:08Z',
                     'date_completed': None,
                     'due': None,
                     'id': 4565200865,
                     'in_history': 0,
                     'is_deleted': 0,
                     'labels': [],
                     'note_count': 0,
                     'parent_id': None,
                     'priority': 1,
                     'project_id': 2257918621,
                     'responsible_uid': None,
                     'section_id': None,
                     'sync_id': 4565200865,
                     'user_id': 7675061},
                 {   'added_by_uid': 7675061,
                     'assigned_by_uid': None,
                     'checked': 0,
                     'child_order': 11,
                     'collapsed': 0,
                     'content': 'Jimmy Zeng - recjKAXFxvdCenEwC',
                     'date_added': '2021-02-09T08:22:08Z',
                     'date_completed': None,
                     'due': None,
                     'id': 4565200874,
                     'in_history': 0,
                     'is_deleted': 0,
                     'labels': [],
                     'note_count': 0,
                     'parent_id': None,
                     'priority': 1,
                     'project_id': 2257918621,
                     'responsible_uid': None,
                     'section_id': None,
                     'sync_id': 4565200874,
                     'user_id': 7675061},
                 {   'added_by_uid': 7675061,
                     'assigned_by_uid': None,
                     'checked': 0,
                     'child_order': 12,
                     'collapsed': 0,
                     'content': 'Liuxin Huang - recbvhDdN8zeGtI5b',
                     'date_added': '2021-02-09T08:22:08Z',
                     'date_completed': None,
                     'due': None,
                     'id': 4565200881,
                     'in_history': 0,
                     'is_deleted': 0,
                     'labels': [],
                     'note_count': 0,
                     'parent_id': None,
                     'priority': 1,
                     'project_id': 2257918621,
                     'responsible_uid': None,
                     'section_id': None,
                     'sync_id': 4565200881,
                     'user_id': 7675061},
                 {   'added_by_uid': 7675061,
                     'assigned_by_uid': None,
                     'checked': 0,
                     'child_order': 13,
                     'collapsed': 0,
                     'content': 'rebecca chan - recg5HijfOPRDhHSv',
                     'date_added': '2021-02-09T08:22:08Z',
                     'date_completed': None,
                     'due': None,
                     'id': 4565200890,
                     'in_history': 0,
                     'is_deleted': 0,
                     'labels': [],
                     'note_count': 0,
                     'parent_id': None,
                     'priority': 1,
                     'project_id': 2257918621,
                     'responsible_uid': None,
                     'section_id': None,
                     'sync_id': 4565200890,
                     'user_id': 7675061},
                 {   'added_by_uid': 7675061,
                     'assigned_by_uid': None,
                     'checked': 0,
                     'child_order': 14,
                     'collapsed': 0,
                     'content': 'Daniel Song - recifCF3hGvzWF9tI',
                     'date_added': '2021-02-09T08:22:08Z',
                     'date_completed': None,
                     'due': None,
                     'id': 4565200902,
                     'in_history': 0,
                     'is_deleted': 0,
                     'labels': [],
                     'note_count': 0,
                     'parent_id': None,
                     'priority': 1,
                     'project_id': 2257918621,
                     'responsible_uid': None,
                     'section_id': None,
                     'sync_id': 4565200902,
                     'user_id': 7675061},
                 {   'added_by_uid': 7675061,
                     'assigned_by_uid': None,
                     'checked': 0,
                     'child_order': 15,
                     'collapsed': 0,
                     'content': 'Ryan Gao - recCszNJGobEL4dJI',
                     'date_added': '2021-02-09T08:22:08Z',
                     'date_completed': None,
                     'due': None,
                     'id': 4565200912,
                     'in_history': 0,
                     'is_deleted': 0,
                     'labels': [],
                     'note_count': 0,
                     'parent_id': None,
                     'priority': 1,
                     'project_id': 2257918621,
                     'responsible_uid': None,
                     'section_id': None,
                     'sync_id': 4565200912,
                     'user_id': 7675061},
                 {   'added_by_uid': 7675061,
                     'assigned_by_uid': None,
                     'checked': 0,
                     'child_order': 16,
                     'collapsed': 0,
                     'content': 'Eden Zhu - recnMG1MtN8Itjirc',
                     'date_added': '2021-02-09T08:22:08Z',
                     'date_completed': None,
                     'due': None,
                     'id': 4565200921,
                     'in_history': 0,
                     'is_deleted': 0,
                     'labels': [],
                     'note_count': 0,
                     'parent_id': None,
                     'priority': 1,
                     'project_id': 2257918621,
                     'responsible_uid': None,
                     'section_id': None,
                     'sync_id': 4565200921,
                     'user_id': 7675061}],
    'project': {   'child_order': 41,
                   'collapsed': 0,
                   'color': 47,
                   'id': 2257918621,
                   'is_archived': 0,
                   'is_deleted': 0,
                   'is_favorite': 0,
                   'name': '3 Akshaya Murugesh L1.2',
                   'parent_id': None,
                   'shared': True,
                   'sync_id': 8355919},
    'project_notes': [],
    'sections': []}
{   'items': [   {   'added_by_uid': 7675061,
                     'assigned_by_uid': None,
                     'checked': 0,
                     'child_order': 1,
                     'collapsed': 0,
                     'content': 'Caden Wu - recGGfFqh3sWXsLpp',
                     'date_added': '2021-02-09T08:22:16Z',
                     'date_completed': None,
                     'due': None,
                     'id': 4565201192,
                     'in_history': 0,
                     'is_deleted': 0,
                     'labels': [],
                     'note_count': 0,
                     'parent_id': None,
                     'priority': 1,
                     'project_id': 2257918637,
                     'responsible_uid': None,
                     'section_id': None,
                     'sync_id': 4565201192,
                     'user_id': 7675061},
                 {   'added_by_uid': 7675061,
                     'assigned_by_uid': None,
                     'checked': 0,
                     'child_order': 2,
                     'collapsed': 0,
                     'content': 'Melissa Fan - reck1C73C8g4PoGSf',
                     'date_added': '2021-02-09T08:22:16Z',
                     'date_completed': None,
                     'due': None,
                     'id': 4565201200,
                     'in_history': 0,
                     'is_deleted': 0,
                     'labels': [],
                     'note_count': 0,
                     'parent_id': None,
                     'priority': 1,
                     'project_id': 2257918637,
                     'responsible_uid': None,
                     'section_id': None,
                     'sync_id': 4565201200,
                     'user_id': 7675061},
                 {   'added_by_uid': 7675061,
                     'assigned_by_uid': None,
                     'checked': 0,
                     'child_order': 3,
                     'collapsed': 0,
                     'content': 'Nina Chen - recF0w2BRPfxFyTTE',
                     'date_added': '2021-02-09T08:22:16Z',
                     'date_completed': None,
                     'due': None,
                     'id': 4565201204,
                     'in_history': 0,
                     'is_deleted': 0,
                     'labels': [],
                     'note_count': 0,
                     'parent_id': None,
                     'priority': 1,
                     'project_id': 2257918637,
                     'responsible_uid': None,
                     'section_id': None,
                     'sync_id': 4565201204,
                     'user_id': 7675061},
                 {   'added_by_uid': 7675061,
                     'assigned_by_uid': None,
                     'checked': 0,
                     'child_order': 4,
                     'collapsed': 0,
                     'content': 'Leah Choi - rec5g0SgB4QyULUqL',
                     'date_added': '2021-02-09T08:22:16Z',
                     'date_completed': None,
                     'due': None,
                     'id': 4565201210,
                     'in_history': 0,
                     'is_deleted': 0,
                     'labels': [],
                     'note_count': 0,
                     'parent_id': None,
                     'priority': 1,
                     'project_id': 2257918637,
                     'responsible_uid': None,
                     'section_id': None,
                     'sync_id': 4565201210,
                     'user_id': 7675061},
                 {   'added_by_uid': 7675061,
                     'assigned_by_uid': None,
                     'checked': 0,
                     'child_order': 5,
                     'collapsed': 0,
                     'content': 'Daniel Seo - recJuNJ7QMBv4whwg',
                     'date_added': '2021-02-09T08:22:16Z',
                     'date_completed': None,
                     'due': None,
                     'id': 4565201218,
                     'in_history': 0,
                     'is_deleted': 0,
                     'labels': [],
                     'note_count': 0,
                     'parent_id': None,
                     'priority': 1,
                     'project_id': 2257918637,
                     'responsible_uid': None,
                     'section_id': None,
                     'sync_id': 4565201218,
                     'user_id': 7675061},
                 {   'added_by_uid': 7675061,
                     'assigned_by_uid': None,
                     'checked': 0,
                     'child_order': 6,
                     'collapsed': 0,
                     'content': 'Jeann Lim - recO0DIn5eTVBowMV',
                     'date_added': '2021-02-09T08:22:16Z',
                     'date_completed': None,
                     'due': None,
                     'id': 4565201224,
                     'in_history': 0,
                     'is_deleted': 0,
                     'labels': [],
                     'note_count': 0,
                     'parent_id': None,
                     'priority': 1,
                     'project_id': 2257918637,
                     'responsible_uid': None,
                     'section_id': None,
                     'sync_id': 4565201224,
                     'user_id': 7675061}],
    'project': {   'child_order': 43,
                   'collapsed': 0,
                   'color': 47,
                   'id': 2257918637,
                   'is_archived': 0,
                   'is_deleted': 0,
                   'is_favorite': 0,
                   'name': '3 Charlie Yang Library Room 3',
                   'parent_id': None,
                   'shared': True,
                   'sync_id': 8355921},
    'project_notes': [],
    'sections': []}
{   'items': [   {   'added_by_uid': 7675061,
                     'assigned_by_uid': None,
                     'checked': 0,
                     'child_order': 1,
                     'collapsed': 0,
                     'content': 'Helena Xue - rec4QGUhzRc8dhbZ9',
                     'date_added': '2021-02-09T08:22:20Z',
                     'date_completed': None,
                     'due': None,
                     'id': 4565201373,
                     'in_history': 0,
                     'is_deleted': 0,
                     'labels': [],
                     'note_count': 0,
                     'parent_id': None,
                     'priority': 1,
                     'project_id': 2257918642,
                     'responsible_uid': None,
                     'section_id': None,
                     'sync_id': 4565201373,
                     'user_id': 7675061},
                 {   'added_by_uid': 7675061,
                     'assigned_by_uid': None,
                     'checked': 0,
                     'child_order': 2,
                     'collapsed': 0,
                     'content': 'Jeremy Thor - recyRt7s8nJetqPcD',
                     'date_added': '2021-02-09T08:22:20Z',
                     'date_completed': None,
                     'due': None,
                     'id': 4565201379,
                     'in_history': 0,
                     'is_deleted': 0,
                     'labels': [],
                     'note_count': 0,
                     'parent_id': None,
                     'priority': 1,
                     'project_id': 2257918642,
                     'responsible_uid': None,
                     'section_id': None,
                     'sync_id': 4565201379,
                     'user_id': 7675061},
                 {   'added_by_uid': 7675061,
                     'assigned_by_uid': None,
                     'checked': 0,
                     'child_order': 3,
                     'collapsed': 0,
                     'content': 'Oindrini Singha-Ray - recZt0yILBEDjh9PU',
                     'date_added': '2021-02-09T08:22:20Z',
                     'date_completed': None,
                     'due': None,
                     'id': 4565201383,
                     'in_history': 0,
                     'is_deleted': 0,
                     'labels': [],
                     'note_count': 0,
                     'parent_id': None,
                     'priority': 1,
                     'project_id': 2257918642,
                     'responsible_uid': None,
                     'section_id': None,
                     'sync_id': 4565201383,
                     'user_id': 7675061},
                 {   'added_by_uid': 7675061,
                     'assigned_by_uid': None,
                     'checked': 0,
                     'child_order': 4,
                     'collapsed': 0,
                     'content': 'Andy Shan - rec7o6089Cl4h5t7f',
                     'date_added': '2021-02-09T08:22:20Z',
                     'date_completed': None,
                     'due': None,
                     'id': 4565201387,
                     'in_history': 0,
                     'is_deleted': 0,
                     'labels': [],
                     'note_count': 0,
                     'parent_id': None,
                     'priority': 1,
                     'project_id': 2257918642,
                     'responsible_uid': None,
                     'section_id': None,
                     'sync_id': 4565201387,
                     'user_id': 7675061},
                 {   'added_by_uid': 7675061,
                     'assigned_by_uid': None,
                     'checked': 0,
                     'child_order': 5,
                     'collapsed': 0,
                     'content': 'Jiwon Kim - recnAxyhHKhEAM3Bn',
                     'date_added': '2021-02-09T08:22:20Z',
                     'date_completed': None,
                     'due': None,
                     'id': 4565201392,
                     'in_history': 0,
                     'is_deleted': 0,
                     'labels': [],
                     'note_count': 0,
                     'parent_id': None,
                     'priority': 1,
                     'project_id': 2257918642,
                     'responsible_uid': None,
                     'section_id': None,
                     'sync_id': 4565201392,
                     'user_id': 7675061},
                 {   'added_by_uid': 7675061,
                     'assigned_by_uid': None,
                     'checked': 0,
                     'child_order': 6,
                     'collapsed': 0,
                     'content': 'Jingru Xu - rec0cDCoSZXsxxGRn',
                     'date_added': '2021-02-09T08:22:21Z',
                     'date_completed': None,
                     'due': None,
                     'id': 4565201400,
                     'in_history': 0,
                     'is_deleted': 0,
                     'labels': [],
                     'note_count': 0,
                     'parent_id': None,
                     'priority': 1,
                     'project_id': 2257918642,
                     'responsible_uid': None,
                     'section_id': None,
                     'sync_id': 4565201400,
                     'user_id': 7675061},
                 {   'added_by_uid': 7675061,
                     'assigned_by_uid': None,
                     'checked': 0,
                     'child_order': 7,
                     'collapsed': 0,
                     'content': 'Lillian Kong - rectkA3KqvRS4YAuE',
                     'date_added': '2021-02-09T08:22:21Z',
                     'date_completed': None,
                     'due': None,
                     'id': 4565201408,
                     'in_history': 0,
                     'is_deleted': 0,
                     'labels': [],
                     'note_count': 0,
                     'parent_id': None,
                     'priority': 1,
                     'project_id': 2257918642,
                     'responsible_uid': None,
                     'section_id': None,
                     'sync_id': 4565201408,
                     'user_id': 7675061},
                 {   'added_by_uid': 7675061,
                     'assigned_by_uid': None,
                     'checked': 0,
                     'child_order': 8,
                     'collapsed': 0,
                     'content': 'Umair Hassan - recgrIHguNCysTCqg',
                     'date_added': '2021-02-09T08:22:21Z',
                     'date_completed': None,
                     'due': None,
                     'id': 4565201419,
                     'in_history': 0,
                     'is_deleted': 0,
                     'labels': [],
                     'note_count': 0,
                     'parent_id': None,
                     'priority': 1,
                     'project_id': 2257918642,
                     'responsible_uid': None,
                     'section_id': None,
                     'sync_id': 4565201419,
                     'user_id': 7675061},
                 {   'added_by_uid': 7675061,
                     'assigned_by_uid': None,
                     'checked': 0,
                     'child_order': 9,
                     'collapsed': 0,
                     'content': 'Flora Li - recl0LduXvXvyxED4',
                     'date_added': '2021-02-09T08:22:21Z',
                     'date_completed': None,
                     'due': None,
                     'id': 4565201423,
                     'in_history': 0,
                     'is_deleted': 0,
                     'labels': [],
                     'note_count': 0,
                     'parent_id': None,
                     'priority': 1,
                     'project_id': 2257918642,
                     'responsible_uid': None,
                     'section_id': None,
                     'sync_id': 4565201423,
                     'user_id': 7675061},
                 {   'added_by_uid': 7675061,
                     'assigned_by_uid': None,
                     'checked': 0,
                     'child_order': 10,
                     'collapsed': 0,
                     'content': 'William Hou - recymnOAdWN3aROoh',
                     'date_added': '2021-02-09T08:22:21Z',
                     'date_completed': None,
                     'due': None,
                     'id': 4565201436,
                     'in_history': 0,
                     'is_deleted': 0,
                     'labels': [],
                     'note_count': 0,
                     'parent_id': None,
                     'priority': 1,
                     'project_id': 2257918642,
                     'responsible_uid': None,
                     'section_id': None,
                     'sync_id': 4565201436,
                     'user_id': 7675061},
                 {   'added_by_uid': 7675061,
                     'assigned_by_uid': None,
                     'checked': 0,
                     'child_order': 11,
                     'collapsed': 0,
                     'content': 'Hasiru Gamage - recQGJKyPyoQdiKVS',
                     'date_added': '2021-02-09T08:22:21Z',
                     'date_completed': None,
                     'due': None,
                     'id': 4565201442,
                     'in_history': 0,
                     'is_deleted': 0,
                     'labels': [],
                     'note_count': 0,
                     'parent_id': None,
                     'priority': 1,
                     'project_id': 2257918642,
                     'responsible_uid': None,
                     'section_id': None,
                     'sync_id': 4565201442,
                     'user_id': 7675061},
                 {   'added_by_uid': 7675061,
                     'assigned_by_uid': None,
                     'checked': 0,
                     'child_order': 12,
                     'collapsed': 0,
                     'content': 'George Naing - recaMdz4SQhLpjRMS',
                     'date_added': '2021-02-09T08:22:22Z',
                     'date_completed': None,
                     'due': None,
                     'id': 4565201449,
                     'in_history': 0,
                     'is_deleted': 0,
                     'labels': [],
                     'note_count': 0,
                     'parent_id': None,
                     'priority': 1,
                     'project_id': 2257918642,
                     'responsible_uid': None,
                     'section_id': None,
                     'sync_id': 4565201449,
                     'user_id': 7675061},
                 {   'added_by_uid': 7675061,
                     'assigned_by_uid': None,
                     'checked': 0,
                     'child_order': 13,
                     'collapsed': 0,
                     'content': 'rhianna kho - rec4Zky1SEku1GyKg',
                     'date_added': '2021-02-09T08:22:22Z',
                     'date_completed': None,
                     'due': None,
                     'id': 4565201458,
                     'in_history': 0,
                     'is_deleted': 0,
                     'labels': [],
                     'note_count': 0,
                     'parent_id': None,
                     'priority': 1,
                     'project_id': 2257918642,
                     'responsible_uid': None,
                     'section_id': None,
                     'sync_id': 4565201458,
                     'user_id': 7675061},
                 {   'added_by_uid': 7675061,
                     'assigned_by_uid': None,
                     'checked': 0,
                     'child_order': 14,
                     'collapsed': 0,
                     'content': 'Jade Wu - recf1zWlYvoO9YSyI',
                     'date_added': '2021-02-09T08:22:22Z',
                     'date_completed': None,
                     'due': None,
                     'id': 4565201464,
                     'in_history': 0,
                     'is_deleted': 0,
                     'labels': [],
                     'note_count': 0,
                     'parent_id': None,
                     'priority': 1,
                     'project_id': 2257918642,
                     'responsible_uid': None,
                     'section_id': None,
                     'sync_id': 4565201464,
                     'user_id': 7675061},
                 {   'added_by_uid': 7675061,
                     'assigned_by_uid': None,
                     'checked': 0,
                     'child_order': 15,
                     'collapsed': 0,
                     'content': 'iris zhang - recBz9U8Td0coNyJc',
                     'date_added': '2021-02-09T08:22:22Z',
                     'date_completed': None,
                     'due': None,
                     'id': 4565201469,
                     'in_history': 0,
                     'is_deleted': 0,
                     'labels': [],
                     'note_count': 0,
                     'parent_id': None,
                     'priority': 1,
                     'project_id': 2257918642,
                     'responsible_uid': None,
                     'section_id': None,
                     'sync_id': 4565201469,
                     'user_id': 7675061}],
    'project': {   'child_order': 44,
                   'collapsed': 0,
                   'color': 47,
                   'id': 2257918642,
                   'is_archived': 0,
                   'is_deleted': 0,
                   'is_favorite': 0,
                   'name': '3 Sally Sun L1.4',
                   'parent_id': None,
                   'shared': True,
                   'sync_id': 8355922},
    'project_notes': [],
    'sections': []}
{   'items': [   {   'added_by_uid': 7675061,
                     'assigned_by_uid': None,
                     'checked': 0,
                     'child_order': 1,
                     'collapsed': 0,
                     'content': 'Maulee Jain - recHiseDQG05SdT8z',
                     'date_added': '2021-02-09T08:22:26Z',
                     'date_completed': None,
                     'due': None,
                     'id': 4565201599,
                     'in_history': 0,
                     'is_deleted': 0,
                     'labels': [],
                     'note_count': 0,
                     'parent_id': None,
                     'priority': 1,
                     'project_id': 2257918654,
                     'responsible_uid': None,
                     'section_id': None,
                     'sync_id': 4565201599,
                     'user_id': 7675061},
                 {   'added_by_uid': 7675061,
                     'assigned_by_uid': None,
                     'checked': 0,
                     'child_order': 2,
                     'collapsed': 0,
                     'content': 'Dahee Kim - recw3vNPBlxWwmG89',
                     'date_added': '2021-02-09T08:22:26Z',
                     'date_completed': None,
                     'due': None,
                     'id': 4565201604,
                     'in_history': 0,
                     'is_deleted': 0,
                     'labels': [],
                     'note_count': 0,
                     'parent_id': None,
                     'priority': 1,
                     'project_id': 2257918654,
                     'responsible_uid': None,
                     'section_id': None,
                     'sync_id': 4565201604,
                     'user_id': 7675061},
                 {   'added_by_uid': 7675061,
                     'assigned_by_uid': None,
                     'checked': 0,
                     'child_order': 3,
                     'collapsed': 0,
                     'content': 'Jiah Lakshmi  Shyju - rec62O0VhujOSgpXM',
                     'date_added': '2021-02-09T08:22:26Z',
                     'date_completed': None,
                     'due': None,
                     'id': 4565201608,
                     'in_history': 0,
                     'is_deleted': 0,
                     'labels': [],
                     'note_count': 0,
                     'parent_id': None,
                     'priority': 1,
                     'project_id': 2257918654,
                     'responsible_uid': None,
                     'section_id': None,
                     'sync_id': 4565201608,
                     'user_id': 7675061},
                 {   'added_by_uid': 7675061,
                     'assigned_by_uid': None,
                     'checked': 0,
                     'child_order': 4,
                     'collapsed': 0,
                     'content': 'Akshaj Shetty - recuv75IZPzyY9SAR',
                     'date_added': '2021-02-09T08:22:26Z',
                     'date_completed': None,
                     'due': None,
                     'id': 4565201615,
                     'in_history': 0,
                     'is_deleted': 0,
                     'labels': [],
                     'note_count': 0,
                     'parent_id': None,
                     'priority': 1,
                     'project_id': 2257918654,
                     'responsible_uid': None,
                     'section_id': None,
                     'sync_id': 4565201615,
                     'user_id': 7675061},
                 {   'added_by_uid': 7675061,
                     'assigned_by_uid': None,
                     'checked': 0,
                     'child_order': 5,
                     'collapsed': 0,
                     'content': 'Kimberley Dawson - recSi8oOELogEFJhh',
                     'date_added': '2021-02-09T08:22:26Z',
                     'date_completed': None,
                     'due': None,
                     'id': 4565201619,
                     'in_history': 0,
                     'is_deleted': 0,
                     'labels': [],
                     'note_count': 0,
                     'parent_id': None,
                     'priority': 1,
                     'project_id': 2257918654,
                     'responsible_uid': None,
                     'section_id': None,
                     'sync_id': 4565201619,
                     'user_id': 7675061},
                 {   'added_by_uid': 7675061,
                     'assigned_by_uid': None,
                     'checked': 0,
                     'child_order': 6,
                     'collapsed': 0,
                     'content': 'Edison Huang - reck0hqP74zf0PrCQ',
                     'date_added': '2021-02-09T08:22:26Z',
                     'date_completed': None,
                     'due': None,
                     'id': 4565201622,
                     'in_history': 0,
                     'is_deleted': 0,
                     'labels': [],
                     'note_count': 0,
                     'parent_id': None,
                     'priority': 1,
                     'project_id': 2257918654,
                     'responsible_uid': None,
                     'section_id': None,
                     'sync_id': 4565201622,
                     'user_id': 7675061},
                 {   'added_by_uid': 7675061,
                     'assigned_by_uid': None,
                     'checked': 0,
                     'child_order': 7,
                     'collapsed': 0,
                     'content': 'Ian Chen - recRxidkwU1w3TApS',
                     'date_added': '2021-02-09T08:22:26Z',
                     'date_completed': None,
                     'due': None,
                     'id': 4565201626,
                     'in_history': 0,
                     'is_deleted': 0,
                     'labels': [],
                     'note_count': 0,
                     'parent_id': None,
                     'priority': 1,
                     'project_id': 2257918654,
                     'responsible_uid': None,
                     'section_id': None,
                     'sync_id': 4565201626,
                     'user_id': 7675061},
                 {   'added_by_uid': 7675061,
                     'assigned_by_uid': None,
                     'checked': 0,
                     'child_order': 8,
                     'collapsed': 0,
                     'content': 'Nikhil Shankar - recl1etAExJHZqqn6',
                     'date_added': '2021-02-09T08:22:26Z',
                     'date_completed': None,
                     'due': None,
                     'id': 4565201631,
                     'in_history': 0,
                     'is_deleted': 0,
                     'labels': [],
                     'note_count': 0,
                     'parent_id': None,
                     'priority': 1,
                     'project_id': 2257918654,
                     'responsible_uid': None,
                     'section_id': None,
                     'sync_id': 4565201631,
                     'user_id': 7675061},
                 {   'added_by_uid': 7675061,
                     'assigned_by_uid': None,
                     'checked': 0,
                     'child_order': 9,
                     'collapsed': 0,
                     'content': 'Dominic  Sun - rec9qv4asjm6cmF04',
                     'date_added': '2021-02-09T08:22:27Z',
                     'date_completed': None,
                     'due': None,
                     'id': 4565201640,
                     'in_history': 0,
                     'is_deleted': 0,
                     'labels': [],
                     'note_count': 0,
                     'parent_id': None,
                     'priority': 1,
                     'project_id': 2257918654,
                     'responsible_uid': None,
                     'section_id': None,
                     'sync_id': 4565201640,
                     'user_id': 7675061},
                 {   'added_by_uid': 7675061,
                     'assigned_by_uid': None,
                     'checked': 0,
                     'child_order': 10,
                     'collapsed': 0,
                     'content': 'Acelin Fan - receYbKDBAIWgjg37',
                     'date_added': '2021-02-09T08:22:27Z',
                     'date_completed': None,
                     'due': None,
                     'id': 4565201647,
                     'in_history': 0,
                     'is_deleted': 0,
                     'labels': [],
                     'note_count': 0,
                     'parent_id': None,
                     'priority': 1,
                     'project_id': 2257918654,
                     'responsible_uid': None,
                     'section_id': None,
                     'sync_id': 4565201647,
                     'user_id': 7675061},
                 {   'added_by_uid': 7675061,
                     'assigned_by_uid': None,
                     'checked': 0,
                     'child_order': 11,
                     'collapsed': 0,
                     'content': 'Zachary Li - recK2OXwN1c8rmBBt',
                     'date_added': '2021-02-09T08:22:27Z',
                     'date_completed': None,
                     'due': None,
                     'id': 4565201655,
                     'in_history': 0,
                     'is_deleted': 0,
                     'labels': [],
                     'note_count': 0,
                     'parent_id': None,
                     'priority': 1,
                     'project_id': 2257918654,
                     'responsible_uid': None,
                     'section_id': None,
                     'sync_id': 4565201655,
                     'user_id': 7675061},
                 {   'added_by_uid': 7675061,
                     'assigned_by_uid': None,
                     'checked': 0,
                     'child_order': 12,
                     'collapsed': 0,
                     'content': 'jason ong - reciubasO9UpXN5VX',
                     'date_added': '2021-02-09T08:22:27Z',
                     'date_completed': None,
                     'due': None,
                     'id': 4565201662,
                     'in_history': 0,
                     'is_deleted': 0,
                     'labels': [],
                     'note_count': 0,
                     'parent_id': None,
                     'priority': 1,
                     'project_id': 2257918654,
                     'responsible_uid': None,
                     'section_id': None,
                     'sync_id': 4565201662,
                     'user_id': 7675061},
                 {   'added_by_uid': 7675061,
                     'assigned_by_uid': None,
                     'checked': 0,
                     'child_order': 13,
                     'collapsed': 0,
                     'content': 'luke wang - recaiKGvZt7ZkxMX2',
                     'date_added': '2021-02-09T08:22:27Z',
                     'date_completed': None,
                     'due': None,
                     'id': 4565201668,
                     'in_history': 0,
                     'is_deleted': 0,
                     'labels': [],
                     'note_count': 0,
                     'parent_id': None,
                     'priority': 1,
                     'project_id': 2257918654,
                     'responsible_uid': None,
                     'section_id': None,
                     'sync_id': 4565201668,
                     'user_id': 7675061},
                 {   'added_by_uid': 7675061,
                     'assigned_by_uid': None,
                     'checked': 0,
                     'child_order': 14,
                     'collapsed': 0,
                     'content': 'Timothy  Loo - recm4OgmdXtKKuMiV',
                     'date_added': '2021-02-09T08:22:27Z',
                     'date_completed': None,
                     'due': None,
                     'id': 4565201674,
                     'in_history': 0,
                     'is_deleted': 0,
                     'labels': [],
                     'note_count': 0,
                     'parent_id': None,
                     'priority': 1,
                     'project_id': 2257918654,
                     'responsible_uid': None,
                     'section_id': None,
                     'sync_id': 4565201674,
                     'user_id': 7675061},
                 {   'added_by_uid': 7675061,
                     'assigned_by_uid': None,
                     'checked': 0,
                     'child_order': 15,
                     'collapsed': 0,
                     'content': 'Emma Joung - recvY8WY9EgXmLobm',
                     'date_added': '2021-02-09T08:22:27Z',
                     'date_completed': None,
                     'due': None,
                     'id': 4565201679,
                     'in_history': 0,
                     'is_deleted': 0,
                     'labels': [],
                     'note_count': 0,
                     'parent_id': None,
                     'priority': 1,
                     'project_id': 2257918654,
                     'responsible_uid': None,
                     'section_id': None,
                     'sync_id': 4565201679,
                     'user_id': 7675061},
                 {   'added_by_uid': 7675061,
                     'assigned_by_uid': None,
                     'checked': 0,
                     'child_order': 16,
                     'collapsed': 0,
                     'content': 'James Fan - recZrjfSPfhYW9oqv',
                     'date_added': '2021-02-09T08:22:27Z',
                     'date_completed': None,
                     'due': None,
                     'id': 4565201684,
                     'in_history': 0,
                     'is_deleted': 0,
                     'labels': [],
                     'note_count': 0,
                     'parent_id': None,
                     'priority': 1,
                     'project_id': 2257918654,
                     'responsible_uid': None,
                     'section_id': None,
                     'sync_id': 4565201684,
                     'user_id': 7675061}],
    'project': {   'child_order': 45,
                   'collapsed': 0,
                   'color': 47,
                   'id': 2257918654,
                   'is_archived': 0,
                   'is_deleted': 0,
                   'is_favorite': 0,
                   'name': '3 Nida Tahreem W1.6',
                   'parent_id': None,
                   'shared': True,
                   'sync_id': 8355923},
    'project_notes': [],
    'sections': []}
{   'items': [   {   'added_by_uid': 7675061,
                     'assigned_by_uid': None,
                     'checked': 0,
                     'child_order': 1,
                     'collapsed': 0,
                     'content': 'Nara Gong - recaG81CAUvq6mezq',
                     'date_added': '2021-02-09T08:22:35Z',
                     'date_completed': None,
                     'due': None,
                     'id': 4565202006,
                     'in_history': 0,
                     'is_deleted': 0,
                     'labels': [],
                     'note_count': 0,
                     'parent_id': None,
                     'priority': 1,
                     'project_id': 2257918677,
                     'responsible_uid': None,
                     'section_id': None,
                     'sync_id': 4565202006,
                     'user_id': 7675061},
                 {   'added_by_uid': 7675061,
                     'assigned_by_uid': None,
                     'checked': 0,
                     'child_order': 2,
                     'collapsed': 0,
                     'content': 'kitty wei - recmiMwO8tzvj6Xaj',
                     'date_added': '2021-02-09T08:22:35Z',
                     'date_completed': None,
                     'due': None,
                     'id': 4565202010,
                     'in_history': 0,
                     'is_deleted': 0,
                     'labels': [],
                     'note_count': 0,
                     'parent_id': None,
                     'priority': 1,
                     'project_id': 2257918677,
                     'responsible_uid': None,
                     'section_id': None,
                     'sync_id': 4565202010,
                     'user_id': 7675061},
                 {   'added_by_uid': 7675061,
                     'assigned_by_uid': None,
                     'checked': 0,
                     'child_order': 3,
                     'collapsed': 0,
                     'content': 'amanda wong - rec0P1C77vEeRo4gK',
                     'date_added': '2021-02-09T08:22:35Z',
                     'date_completed': None,
                     'due': None,
                     'id': 4565202015,
                     'in_history': 0,
                     'is_deleted': 0,
                     'labels': [],
                     'note_count': 0,
                     'parent_id': None,
                     'priority': 1,
                     'project_id': 2257918677,
                     'responsible_uid': None,
                     'section_id': None,
                     'sync_id': 4565202015,
                     'user_id': 7675061},
                 {   'added_by_uid': 7675061,
                     'assigned_by_uid': None,
                     'checked': 0,
                     'child_order': 4,
                     'collapsed': 0,
                     'content': 'Prem Patel - recye8B5Vvzp1Cm0H',
                     'date_added': '2021-02-09T08:22:35Z',
                     'date_completed': None,
                     'due': None,
                     'id': 4565202016,
                     'in_history': 0,
                     'is_deleted': 0,
                     'labels': [],
                     'note_count': 0,
                     'parent_id': None,
                     'priority': 1,
                     'project_id': 2257918677,
                     'responsible_uid': None,
                     'section_id': None,
                     'sync_id': 4565202016,
                     'user_id': 7675061},
                 {   'added_by_uid': 7675061,
                     'assigned_by_uid': None,
                     'checked': 0,
                     'child_order': 5,
                     'collapsed': 0,
                     'content': 'Joshua Paik - rec40PKuIrhtyaJx5',
                     'date_added': '2021-02-09T08:22:35Z',
                     'date_completed': None,
                     'due': None,
                     'id': 4565202020,
                     'in_history': 0,
                     'is_deleted': 0,
                     'labels': [],
                     'note_count': 0,
                     'parent_id': None,
                     'priority': 1,
                     'project_id': 2257918677,
                     'responsible_uid': None,
                     'section_id': None,
                     'sync_id': 4565202020,
                     'user_id': 7675061},
                 {   'added_by_uid': 7675061,
                     'assigned_by_uid': None,
                     'checked': 0,
                     'child_order': 6,
                     'collapsed': 0,
                     'content': 'Corina Shen - recCk7DSmcWc2zhZx',
                     'date_added': '2021-02-09T08:22:35Z',
                     'date_completed': None,
                     'due': None,
                     'id': 4565202024,
                     'in_history': 0,
                     'is_deleted': 0,
                     'labels': [],
                     'note_count': 0,
                     'parent_id': None,
                     'priority': 1,
                     'project_id': 2257918677,
                     'responsible_uid': None,
                     'section_id': None,
                     'sync_id': 4565202024,
                     'user_id': 7675061}],
    'project': {   'child_order': 47,
                   'collapsed': 0,
                   'color': 47,
                   'id': 2257918677,
                   'is_archived': 0,
                   'is_deleted': 0,
                   'is_favorite': 0,
                   'name': '3 Arshad _Aman_ Mohamed Library Room 2',
                   'parent_id': None,
                   'shared': True,
                   'sync_id': 8355925},
    'project_notes': [],
    'sections': []}
